MPLINK 4.45, Linker
Linker Map File - Created Thu Jul 17 12:00:45 2014

                                 Section Info
                  Section       Type    Address   Location Size(Bytes)
                ---------  ---------  ---------  ---------  ---------
               _entry_scn       code   0x000000    program   0x000006
           .code___init.o       code   0x000006    program   0x000002
      InterruptVectorHigh       code   0x000008    program   0x000006
                   .cinit    romdata   0x00000e    program   0x00000e
   .code_UART_Buffering.o       code   0x00001c    program   0x000542
   .code_UART_Multiplex.o       code   0x00055e    program   0x000254
               _cinit_scn       code   0x0007b2    program   0x00009e
           .code_u3open.o       code   0x000850    program   0x00007a
           .code_u2open.o       code   0x0008ca    program   0x00007a
           .code_u1open.o       code   0x000944    program   0x000072
           .code_u3read.o       code   0x0009b6    program   0x000054
           .code_u2read.o       code   0x000a0a    program   0x000054
           .code_u1read.o       code   0x000a5e    program   0x00003e
          .code_u3write.o       code   0x000a9c    program   0x000034
          .code_u2write.o       code   0x000ad0    program   0x000034
             D10KTCYXCODE       code   0x000b04    program   0x00002e
          .code_u1write.o       code   0x000b32    program   0x00002e
                    .code       code   0x000b60    program   0x000020
             _startup_scn       code   0x000b80    program   0x00001c
        .romdata___init.o    romdata   0x000b9c    program   0x000000
        .idata_u3read.o_i    romdata   0x000b9c    program   0x000000
        .romdata_u3read.o    romdata   0x000b9c    program   0x000000
        .idata___init.o_i    romdata   0x000b9c    program   0x000000
        .idata_u1defs.o_i    romdata   0x000b9c    program   0x000000
        .romdata_u1defs.o    romdata   0x000b9c    program   0x000000
        .idata_u2defs.o_i    romdata   0x000b9c    program   0x000000
       .romdata_u3write.o    romdata   0x000b9c    program   0x000000
        .romdata_u2defs.o    romdata   0x000b9c    program   0x000000
        .idata_u3defs.o_i    romdata   0x000b9c    program   0x000000
       .idata_u3write.o_i    romdata   0x000b9c    program   0x000000
        .romdata_u3defs.o    romdata   0x000b9c    program   0x000000
       .idata_u1write.o_i    romdata   0x000b9c    program   0x000000
       .romdata_u1write.o    romdata   0x000b9c    program   0x000000
       .idata_u2write.o_i    romdata   0x000b9c    program   0x000000
       .romdata_u2write.o    romdata   0x000b9c    program   0x000000
         .idata_c018i.o_i    romdata   0x000b9c    program   0x000000
         .romdata_c018i.o    romdata   0x000b9c    program   0x000000
.idata_UART_Multiplex.o_i    romdata   0x000b9c    program   0x000000
.romdata_UART_Multiplex.o    romdata   0x000b9c    program   0x000000
.idata_UART_Buffering.o_i    romdata   0x000b9c    program   0x000010
.romdata_UART_Buffering.o    romdata   0x000b9c    program   0x000000
        .idata_u1open.o_i    romdata   0x000b9c    program   0x000000
        .romdata_u1open.o    romdata   0x000b9c    program   0x000000
        .romdata_u2read.o    romdata   0x000b9c    program   0x000000
        .idata_u2read.o_i    romdata   0x000b9c    program   0x000000
        .romdata_u1read.o    romdata   0x000b9c    program   0x000000
        .idata_u1read.o_i    romdata   0x000b9c    program   0x000000
        .romdata_u3open.o    romdata   0x000b9c    program   0x000000
        .idata_u3open.o_i    romdata   0x000b9c    program   0x000000
        .romdata_u2open.o    romdata   0x000b9c    program   0x000000
        .idata_u2open.o_i    romdata   0x000b9c    program   0x000000
           .code_u3defs.o       code   0x000bac    program   0x000000
           .code_u2defs.o       code   0x000bac    program   0x000000
            .code_c018i.o       code   0x000bac    program   0x000000
           .code_u1defs.o       code   0x000bac    program   0x000000
.config_1fff0_UART_Multiplex.o    romdata   0x01fff0    program   0x000001
.config_1fff1_UART_Multiplex.o    romdata   0x01fff1    program   0x000001
.config_1fff2_UART_Multiplex.o    romdata   0x01fff2    program   0x000001
.config_1fff3_UART_Multiplex.o    romdata   0x01fff3    program   0x000001
.config_1fff4_UART_Multiplex.o    romdata   0x01fff4    program   0x000001
.config_1fffb_UART_Multiplex.o    romdata   0x01fffb    program   0x000001
.config_1ffff_UART_Multiplex.o    romdata   0x01ffff    program   0x000001
                MATH_DATA      udata   0x000000       data   0x000002
                 .tmpdata      udata   0x000002       data   0x000002
                DELAYDAT2      udata   0x000004       data   0x000001
                DELAYDAT1      udata   0x000005       data   0x000001
  .idata_UART_Buffering.o      idata   0x000060       data   0x000010
           .udata_c018i.o      udata   0x000070       data   0x00000a
          .udata_u3defs.o      udata   0x00007a       data   0x000001
          .udata_u2defs.o      udata   0x00007b       data   0x000001
          .udata_u1defs.o      udata   0x00007c       data   0x000001
          .idata_u2read.o      idata   0x00007d       data   0x000000
          .udata_u3read.o      udata   0x00007d       data   0x000000
          .idata_u3read.o      idata   0x00007d       data   0x000000
          .idata_u1defs.o      idata   0x00007d       data   0x000000
          .idata_u2defs.o      idata   0x00007d       data   0x000000
          .idata_u3defs.o      idata   0x00007d       data   0x000000
         .udata_u1write.o      udata   0x00007d       data   0x000000
         .idata_u1write.o      idata   0x00007d       data   0x000000
         .udata_u2write.o      udata   0x00007d       data   0x000000
         .idata_u2write.o      idata   0x00007d       data   0x000000
         .udata_u3write.o      udata   0x00007d       data   0x000000
         .idata_u3write.o      idata   0x00007d       data   0x000000
          .udata___init.o      udata   0x00007d       data   0x000000
          .idata___init.o      idata   0x00007d       data   0x000000
          .udata_u2read.o      udata   0x00007d       data   0x000000
          .idata_u1read.o      idata   0x00007d       data   0x000000
          .udata_u1read.o      udata   0x00007d       data   0x000000
          .idata_u3open.o      idata   0x00007d       data   0x000000
          .udata_u3open.o      udata   0x00007d       data   0x000000
          .idata_u2open.o      idata   0x00007d       data   0x000000
          .udata_u2open.o      udata   0x00007d       data   0x000000
          .idata_u1open.o      idata   0x00007d       data   0x000000
          .udata_u1open.o      udata   0x00007d       data   0x000000
           .idata_c018i.o      idata   0x00007d       data   0x000000
  .udata_UART_Multiplex.o      udata   0x00007d       data   0x000000
  .idata_UART_Multiplex.o      idata   0x00007d       data   0x000000
  .udata_UART_Buffering.o      udata   0x000100       data   0x000100
                   .stack      udata   0x000c00       data   0x000100
              SFR_BANKED0      udata   0x000dff       data   0x000001
              SFR_BANKED1      udata   0x000e00       data   0x0000e3
              SFR_BANKED2      udata   0x000eea       data   0x000016
              SFR_BANKED3      udata   0x000f00       data   0x000060
            SFR_UNBANKED0      udata   0x000f60       data   0x0000a0



                              Program Memory Usage 
                               Start         End      
                           ---------   ---------      
                            0x000000    0x000bab      
                            0x01fff0    0x01fff4      
                            0x01fffb    0x01fffb      
                            0x01ffff    0x01ffff      
            2995 out of 131074 program addresses used, program memory utilization is 2%



                              Symbols - Sorted by Name
                     Name    Address   Location    Storage File                     
                ---------  ---------  ---------  --------- ---------                
            AppendBuffer1   0x0000fe    program     extern C:\Users\Guillaume\Guillaume\COMWATT\UART_Multiplex\UART_Buffering.c
            AppendBuffer2   0x000216    program     extern C:\Users\Guillaume\Guillaume\COMWATT\UART_Multiplex\UART_Buffering.c
            AppendBuffer3   0x00032e    program     extern C:\Users\Guillaume\Guillaume\COMWATT\UART_Multiplex\UART_Buffering.c
            AppendBuffer4   0x000446    program     extern C:\Users\Guillaume\Guillaume\COMWATT\UART_Multiplex\UART_Buffering.c
                   D10K_1   0x000b10    program     static E:\3.44\pic18-lt\cxx-framework\src\traditional\delays\d10ktcyx.asm
                    D10Kl   0x000b1c    program     static E:\3.44\pic18-lt\cxx-framework\src\traditional\delays\d10ktcyx.asm
                    D10Kx   0x000b0e    program     static E:\3.44\pic18-lt\cxx-framework\src\traditional\delays\d10ktcyx.asm
           Data1Available   0x000184    program     extern C:\Users\Guillaume\Guillaume\COMWATT\UART_Multiplex\UART_Buffering.c
           Data2Available   0x00029c    program     extern C:\Users\Guillaume\Guillaume\COMWATT\UART_Multiplex\UART_Buffering.c
           Data3Available   0x0003b4    program     extern C:\Users\Guillaume\Guillaume\COMWATT\UART_Multiplex\UART_Buffering.c
           Data4Available   0x0004cc    program     extern C:\Users\Guillaume\Guillaume\COMWATT\UART_Multiplex\UART_Buffering.c
             Delay10KTCYx   0x000b04    program     extern E:\3.44\pic18-lt\cxx-framework\src\traditional\delays\d10ktcyx.asm
                 GetNext1   0x000136    program     extern C:\Users\Guillaume\Guillaume\COMWATT\UART_Multiplex\UART_Buffering.c
                 GetNext2   0x00024e    program     extern C:\Users\Guillaume\Guillaume\COMWATT\UART_Multiplex\UART_Buffering.c
                 GetNext3   0x000366    program     extern C:\Users\Guillaume\Guillaume\COMWATT\UART_Multiplex\UART_Buffering.c
                 GetNext4   0x00047e    program     extern C:\Users\Guillaume\Guillaume\COMWATT\UART_Multiplex\UART_Buffering.c
                     HISR   0x0006f0    program     extern C:\Users\Guillaume\Guillaume\COMWATT\UART_Multiplex\UART_Multiplex.c
              InitBuffers   0x00001c    program     extern C:\Users\Guillaume\Guillaume\COMWATT\UART_Multiplex\UART_Buffering.c
      InterruptVectorHigh   0x000008    program     extern C:\Users\Guillaume\Guillaume\COMWATT\UART_Multiplex\UART_Multiplex.c
               Open1USART   0x000944    program     extern E:\3.44\rc2\pic18-lt\cxx-framework\src\pmc_common\USART\u1open.c
               Open2USART   0x0008ca    program     extern E:\3.44\rc2\pic18-lt\cxx-framework\src\pmc_common\USART\u2open.c
               Open3USART   0x000850    program     extern E:\3.44\rc2\pic18-lt\cxx-framework\src\pmc_common\USART\u3open.c
               Read1USART   0x000a5e    program     extern E:\3.44\rc2\pic18-lt\cxx-framework\src\pmc_common\USART\u1read.c
               Read2USART   0x000a0a    program     extern E:\3.44\rc2\pic18-lt\cxx-framework\src\pmc_common\USART\u2read.c
               Read3USART   0x0009b6    program     extern E:\3.44\rc2\pic18-lt\cxx-framework\src\pmc_common\USART\u3read.c
                   Reset1   0x0000ae    program     extern C:\Users\Guillaume\Guillaume\COMWATT\UART_Multiplex\UART_Buffering.c
                   Reset2   0x0000c2    program     extern C:\Users\Guillaume\Guillaume\COMWATT\UART_Multiplex\UART_Buffering.c
                   Reset3   0x0000d6    program     extern C:\Users\Guillaume\Guillaume\COMWATT\UART_Multiplex\UART_Buffering.c
                   Reset4   0x0000ea    program     extern C:\Users\Guillaume\Guillaume\COMWATT\UART_Multiplex\UART_Buffering.c
              Write1USART   0x000b32    program     extern E:\3.44\rc2\pic18-lt\cxx-framework\src\pmc_common\USART\u1write.c
              Write2USART   0x000ad0    program     extern E:\3.44\rc2\pic18-lt\cxx-framework\src\pmc_common\USART\u2write.c
              Write3USART   0x000a9c    program     extern E:\3.44\rc2\pic18-lt\cxx-framework\src\pmc_common\USART\u3write.c
       _D10KTCYXCODE_0010   0x000b14    program     static E:\3.44\pic18-lt\cxx-framework\src\traditional\delays\d10ktcyx.asm
       _D10KTCYXCODE_001C   0x000b20    program     static E:\3.44\pic18-lt\cxx-framework\src\traditional\delays\d10ktcyx.asm
       ___return_lbl00000   0x00000c    program     static                          
       ___return_lbl00000   0x000004    program     static                          
       ___return_lbl00001   0x000b9a    program     static                          
       ___return_lbl00002   0x00084e    program     static                          
               __config_0   0x01fff0    program     static C:\Users\Guillaume\Guillaume\COMWATT\UART_Multiplex\UART_Multiplex.c
               __config_1   0x01fff1    program     static C:\Users\Guillaume\Guillaume\COMWATT\UART_Multiplex\UART_Multiplex.c
               __config_2   0x01fff2    program     static C:\Users\Guillaume\Guillaume\COMWATT\UART_Multiplex\UART_Multiplex.c
               __config_3   0x01fff3    program     static C:\Users\Guillaume\Guillaume\COMWATT\UART_Multiplex\UART_Multiplex.c
               __config_4   0x01fff4    program     static C:\Users\Guillaume\Guillaume\COMWATT\UART_Multiplex\UART_Multiplex.c
               __config_5   0x01fffb    program     static C:\Users\Guillaume\Guillaume\COMWATT\UART_Multiplex\UART_Multiplex.c
               __config_6   0x01ffff    program     static C:\Users\Guillaume\Guillaume\COMWATT\UART_Multiplex\UART_Multiplex.c
                   __init   0x000006    program     extern E:\3.44\pic18-lt\cxx-framework\src\traditional\stdclib\__init.c
            __zero_memory   0x000b60    program     extern E:\3.44\rc2\pic18-lt\cxx-framework\src\traditional\proc\p18f67j94.asm
                _do_cinit   0x0007b2    program     extern E:\3.44\pic18-lt\cxx-framework\src\traditional\startup\c018i.c
                   _entry   0x000000    program     extern E:\3.44\pic18-lt\cxx-framework\src\traditional\startup\c018i.c
                 _startup   0x000b80    program     extern E:\3.44\pic18-lt\cxx-framework\src\traditional\startup\c018i.c
                compare_l   0x000b76    program     static E:\3.44\rc2\pic18-lt\cxx-framework\src\traditional\proc\p18f67j94.asm
                copy_loop   0x000824    program     static                          
            copy_one_byte   0x00082a    program     static                          
                     done   0x00084e    program     static                          
             done_copying   0x000838    program     static                          
                     init   0x00055e    program     extern C:\Users\Guillaume\Guillaume\COMWATT\UART_Multiplex\UART_Multiplex.c
                     loop   0x000b90    program     static                          
                   loop_h   0x000b6e    program     static E:\3.44\rc2\pic18-lt\cxx-framework\src\traditional\proc\p18f67j94.asm
                   loop_l   0x000b78    program     static E:\3.44\rc2\pic18-lt\cxx-framework\src\traditional\proc\p18f67j94.asm
                     main   0x000602    program     extern C:\Users\Guillaume\Guillaume\COMWATT\UART_Multiplex\UART_Multiplex.c
                     test   0x0007cc    program     static                          
               zero_block   0x000b6e    program     static E:\3.44\rc2\pic18-lt\cxx-framework\src\traditional\proc\p18f67j94.asm
                   ACTCON   0x000f63       data     extern E:\3.44\rc2\pic18-lt\cxx-framework\src\traditional\proc\p18f67j94.asm
               ACTCONbits   0x000f63       data     extern E:\3.44\rc2\pic18-lt\cxx-framework\src\traditional\proc\p18f67j94.asm
                  ADCBUF0   0x000fc2       data     extern E:\3.44\rc2\pic18-lt\cxx-framework\src\traditional\proc\p18f67j94.asm
                 ADCBUF0H   0x000fc3       data     extern E:\3.44\rc2\pic18-lt\cxx-framework\src\traditional\proc\p18f67j94.asm
                 ADCBUF0L   0x000fc2       data     extern E:\3.44\rc2\pic18-lt\cxx-framework\src\traditional\proc\p18f67j94.asm
                  ADCBUF1   0x000e48       data     extern E:\3.44\rc2\pic18-lt\cxx-framework\src\traditional\proc\p18f67j94.asm
                 ADCBUF10   0x000e5a       data     extern E:\3.44\rc2\pic18-lt\cxx-framework\src\traditional\proc\p18f67j94.asm
                ADCBUF10H   0x000e5b       data     extern E:\3.44\rc2\pic18-lt\cxx-framework\src\traditional\proc\p18f67j94.asm
                ADCBUF10L   0x000e5a       data     extern E:\3.44\rc2\pic18-lt\cxx-framework\src\traditional\proc\p18f67j94.asm
                 ADCBUF11   0x000e5c       data     extern E:\3.44\rc2\pic18-lt\cxx-framework\src\traditional\proc\p18f67j94.asm
                ADCBUF11H   0x000e5d       data     extern E:\3.44\rc2\pic18-lt\cxx-framework\src\traditional\proc\p18f67j94.asm
                ADCBUF11L   0x000e5c       data     extern E:\3.44\rc2\pic18-lt\cxx-framework\src\traditional\proc\p18f67j94.asm
                 ADCBUF12   0x000e5e       data     extern E:\3.44\rc2\pic18-lt\cxx-framework\src\traditional\proc\p18f67j94.asm
                ADCBUF12H   0x000e5f       data     extern E:\3.44\rc2\pic18-lt\cxx-framework\src\traditional\proc\p18f67j94.asm
                ADCBUF12L   0x000e5e       data     extern E:\3.44\rc2\pic18-lt\cxx-framework\src\traditional\proc\p18f67j94.asm
                 ADCBUF13   0x000e60       data     extern E:\3.44\rc2\pic18-lt\cxx-framework\src\traditional\proc\p18f67j94.asm
                ADCBUF13H   0x000e61       data     extern E:\3.44\rc2\pic18-lt\cxx-framework\src\traditional\proc\p18f67j94.asm
                ADCBUF13L   0x000e60       data     extern E:\3.44\rc2\pic18-lt\cxx-framework\src\traditional\proc\p18f67j94.asm
                 ADCBUF14   0x000e62       data     extern E:\3.44\rc2\pic18-lt\cxx-framework\src\traditional\proc\p18f67j94.asm
                ADCBUF14H   0x000e63       data     extern E:\3.44\rc2\pic18-lt\cxx-framework\src\traditional\proc\p18f67j94.asm
                ADCBUF14L   0x000e62       data     extern E:\3.44\rc2\pic18-lt\cxx-framework\src\traditional\proc\p18f67j94.asm
                 ADCBUF15   0x000e64       data     extern E:\3.44\rc2\pic18-lt\cxx-framework\src\traditional\proc\p18f67j94.asm
                ADCBUF15H   0x000e65       data     extern E:\3.44\rc2\pic18-lt\cxx-framework\src\traditional\proc\p18f67j94.asm
                ADCBUF15L   0x000e64       data     extern E:\3.44\rc2\pic18-lt\cxx-framework\src\traditional\proc\p18f67j94.asm
                 ADCBUF16   0x000e66       data     extern E:\3.44\rc2\pic18-lt\cxx-framework\src\traditional\proc\p18f67j94.asm
                ADCBUF16H   0x000e67       data     extern E:\3.44\rc2\pic18-lt\cxx-framework\src\traditional\proc\p18f67j94.asm
                ADCBUF16L   0x000e66       data     extern E:\3.44\rc2\pic18-lt\cxx-framework\src\traditional\proc\p18f67j94.asm
                 ADCBUF17   0x000e68       data     extern E:\3.44\rc2\pic18-lt\cxx-framework\src\traditional\proc\p18f67j94.asm
                ADCBUF17H   0x000e69       data     extern E:\3.44\rc2\pic18-lt\cxx-framework\src\traditional\proc\p18f67j94.asm
                ADCBUF17L   0x000e68       data     extern E:\3.44\rc2\pic18-lt\cxx-framework\src\traditional\proc\p18f67j94.asm
                 ADCBUF18   0x000e6a       data     extern E:\3.44\rc2\pic18-lt\cxx-framework\src\traditional\proc\p18f67j94.asm
                ADCBUF18H   0x000e6b       data     extern E:\3.44\rc2\pic18-lt\cxx-framework\src\traditional\proc\p18f67j94.asm
                ADCBUF18L   0x000e6a       data     extern E:\3.44\rc2\pic18-lt\cxx-framework\src\traditional\proc\p18f67j94.asm
                 ADCBUF19   0x000e6c       data     extern E:\3.44\rc2\pic18-lt\cxx-framework\src\traditional\proc\p18f67j94.asm
                ADCBUF19H   0x000e6d       data     extern E:\3.44\rc2\pic18-lt\cxx-framework\src\traditional\proc\p18f67j94.asm
                ADCBUF19L   0x000e6c       data     extern E:\3.44\rc2\pic18-lt\cxx-framework\src\traditional\proc\p18f67j94.asm
                 ADCBUF1H   0x000e49       data     extern E:\3.44\rc2\pic18-lt\cxx-framework\src\traditional\proc\p18f67j94.asm
                 ADCBUF1L   0x000e48       data     extern E:\3.44\rc2\pic18-lt\cxx-framework\src\traditional\proc\p18f67j94.asm
                  ADCBUF2   0x000e4a       data     extern E:\3.44\rc2\pic18-lt\cxx-framework\src\traditional\proc\p18f67j94.asm
                 ADCBUF20   0x000e6e       data     extern E:\3.44\rc2\pic18-lt\cxx-framework\src\traditional\proc\p18f67j94.asm
                ADCBUF20H   0x000e6f       data     extern E:\3.44\rc2\pic18-lt\cxx-framework\src\traditional\proc\p18f67j94.asm
                ADCBUF20L   0x000e6e       data     extern E:\3.44\rc2\pic18-lt\cxx-framework\src\traditional\proc\p18f67j94.asm
                 ADCBUF21   0x000e70       data     extern E:\3.44\rc2\pic18-lt\cxx-framework\src\traditional\proc\p18f67j94.asm
                ADCBUF21H   0x000e71       data     extern E:\3.44\rc2\pic18-lt\cxx-framework\src\traditional\proc\p18f67j94.asm
                ADCBUF21L   0x000e70       data     extern E:\3.44\rc2\pic18-lt\cxx-framework\src\traditional\proc\p18f67j94.asm
                 ADCBUF22   0x000e72       data     extern E:\3.44\rc2\pic18-lt\cxx-framework\src\traditional\proc\p18f67j94.asm
                ADCBUF22H   0x000e73       data     extern E:\3.44\rc2\pic18-lt\cxx-framework\src\traditional\proc\p18f67j94.asm
                ADCBUF22L   0x000e72       data     extern E:\3.44\rc2\pic18-lt\cxx-framework\src\traditional\proc\p18f67j94.asm
                 ADCBUF23   0x000e74       data     extern E:\3.44\rc2\pic18-lt\cxx-framework\src\traditional\proc\p18f67j94.asm
                ADCBUF23H   0x000e75       data     extern E:\3.44\rc2\pic18-lt\cxx-framework\src\traditional\proc\p18f67j94.asm
                ADCBUF23L   0x000e74       data     extern E:\3.44\rc2\pic18-lt\cxx-framework\src\traditional\proc\p18f67j94.asm
                 ADCBUF24   0x000e76       data     extern E:\3.44\rc2\pic18-lt\cxx-framework\src\traditional\proc\p18f67j94.asm
                ADCBUF24H   0x000e77       data     extern E:\3.44\rc2\pic18-lt\cxx-framework\src\traditional\proc\p18f67j94.asm
                ADCBUF24L   0x000e76       data     extern E:\3.44\rc2\pic18-lt\cxx-framework\src\traditional\proc\p18f67j94.asm
                 ADCBUF25   0x000e78       data     extern E:\3.44\rc2\pic18-lt\cxx-framework\src\traditional\proc\p18f67j94.asm
                ADCBUF25H   0x000e79       data     extern E:\3.44\rc2\pic18-lt\cxx-framework\src\traditional\proc\p18f67j94.asm
                ADCBUF25L   0x000e78       data     extern E:\3.44\rc2\pic18-lt\cxx-framework\src\traditional\proc\p18f67j94.asm
                 ADCBUF2H   0x000e4b       data     extern E:\3.44\rc2\pic18-lt\cxx-framework\src\traditional\proc\p18f67j94.asm
                 ADCBUF2L   0x000e4a       data     extern E:\3.44\rc2\pic18-lt\cxx-framework\src\traditional\proc\p18f67j94.asm
                  ADCBUF3   0x000e4c       data     extern E:\3.44\rc2\pic18-lt\cxx-framework\src\traditional\proc\p18f67j94.asm
                 ADCBUF3H   0x000e4d       data     extern E:\3.44\rc2\pic18-lt\cxx-framework\src\traditional\proc\p18f67j94.asm
                 ADCBUF3L   0x000e4c       data     extern E:\3.44\rc2\pic18-lt\cxx-framework\src\traditional\proc\p18f67j94.asm
                  ADCBUF4   0x000e4e       data     extern E:\3.44\rc2\pic18-lt\cxx-framework\src\traditional\proc\p18f67j94.asm
                 ADCBUF4H   0x000e4f       data     extern E:\3.44\rc2\pic18-lt\cxx-framework\src\traditional\proc\p18f67j94.asm
                 ADCBUF4L   0x000e4e       data     extern E:\3.44\rc2\pic18-lt\cxx-framework\src\traditional\proc\p18f67j94.asm
                  ADCBUF5   0x000e50       data     extern E:\3.44\rc2\pic18-lt\cxx-framework\src\traditional\proc\p18f67j94.asm
                 ADCBUF5H   0x000e51       data     extern E:\3.44\rc2\pic18-lt\cxx-framework\src\traditional\proc\p18f67j94.asm
                 ADCBUF5L   0x000e50       data     extern E:\3.44\rc2\pic18-lt\cxx-framework\src\traditional\proc\p18f67j94.asm
                  ADCBUF6   0x000e52       data     extern E:\3.44\rc2\pic18-lt\cxx-framework\src\traditional\proc\p18f67j94.asm
                 ADCBUF6H   0x000e53       data     extern E:\3.44\rc2\pic18-lt\cxx-framework\src\traditional\proc\p18f67j94.asm
                 ADCBUF6L   0x000e52       data     extern E:\3.44\rc2\pic18-lt\cxx-framework\src\traditional\proc\p18f67j94.asm
                  ADCBUF7   0x000e54       data     extern E:\3.44\rc2\pic18-lt\cxx-framework\src\traditional\proc\p18f67j94.asm
                 ADCBUF7H   0x000e55       data     extern E:\3.44\rc2\pic18-lt\cxx-framework\src\traditional\proc\p18f67j94.asm
                 ADCBUF7L   0x000e54       data     extern E:\3.44\rc2\pic18-lt\cxx-framework\src\traditional\proc\p18f67j94.asm
                  ADCBUF8   0x000e56       data     extern E:\3.44\rc2\pic18-lt\cxx-framework\src\traditional\proc\p18f67j94.asm
                 ADCBUF8H   0x000e57       data     extern E:\3.44\rc2\pic18-lt\cxx-framework\src\traditional\proc\p18f67j94.asm
                 ADCBUF8L   0x000e56       data     extern E:\3.44\rc2\pic18-lt\cxx-framework\src\traditional\proc\p18f67j94.asm
                  ADCBUF9   0x000e58       data     extern E:\3.44\rc2\pic18-lt\cxx-framework\src\traditional\proc\p18f67j94.asm
                 ADCBUF9H   0x000e59       data     extern E:\3.44\rc2\pic18-lt\cxx-framework\src\traditional\proc\p18f67j94.asm
                 ADCBUF9L   0x000e58       data     extern E:\3.44\rc2\pic18-lt\cxx-framework\src\traditional\proc\p18f67j94.asm
                 ADCHIT0H   0x000e7f       data     extern E:\3.44\rc2\pic18-lt\cxx-framework\src\traditional\proc\p18f67j94.asm
             ADCHIT0Hbits   0x000e7f       data     extern E:\3.44\rc2\pic18-lt\cxx-framework\src\traditional\proc\p18f67j94.asm
                 ADCHIT0L   0x000e7e       data     extern E:\3.44\rc2\pic18-lt\cxx-framework\src\traditional\proc\p18f67j94.asm
             ADCHIT0Lbits   0x000e7e       data     extern E:\3.44\rc2\pic18-lt\cxx-framework\src\traditional\proc\p18f67j94.asm
                 ADCHIT1H   0x000e81       data     extern E:\3.44\rc2\pic18-lt\cxx-framework\src\traditional\proc\p18f67j94.asm
             ADCHIT1Hbits   0x000e81       data     extern E:\3.44\rc2\pic18-lt\cxx-framework\src\traditional\proc\p18f67j94.asm
                 ADCHIT1L   0x000e80       data     extern E:\3.44\rc2\pic18-lt\cxx-framework\src\traditional\proc\p18f67j94.asm
             ADCHIT1Lbits   0x000e80       data     extern E:\3.44\rc2\pic18-lt\cxx-framework\src\traditional\proc\p18f67j94.asm
                  ADCHS0H   0x000e87       data     extern E:\3.44\rc2\pic18-lt\cxx-framework\src\traditional\proc\p18f67j94.asm
              ADCHS0Hbits   0x000e87       data     extern E:\3.44\rc2\pic18-lt\cxx-framework\src\traditional\proc\p18f67j94.asm
                  ADCHS0L   0x000e86       data     extern E:\3.44\rc2\pic18-lt\cxx-framework\src\traditional\proc\p18f67j94.asm
              ADCHS0Lbits   0x000e86       data     extern E:\3.44\rc2\pic18-lt\cxx-framework\src\traditional\proc\p18f67j94.asm
                  ADCON1H   0x000fc1       data     extern E:\3.44\rc2\pic18-lt\cxx-framework\src\traditional\proc\p18f67j94.asm
              ADCON1Hbits   0x000fc1       data     extern E:\3.44\rc2\pic18-lt\cxx-framework\src\traditional\proc\p18f67j94.asm
                  ADCON1L   0x000fc0       data     extern E:\3.44\rc2\pic18-lt\cxx-framework\src\traditional\proc\p18f67j94.asm
              ADCON1Lbits   0x000fc0       data     extern E:\3.44\rc2\pic18-lt\cxx-framework\src\traditional\proc\p18f67j94.asm
                  ADCON2H   0x000e8d       data     extern E:\3.44\rc2\pic18-lt\cxx-framework\src\traditional\proc\p18f67j94.asm
              ADCON2Hbits   0x000e8d       data     extern E:\3.44\rc2\pic18-lt\cxx-framework\src\traditional\proc\p18f67j94.asm
                  ADCON2L   0x000e8c       data     extern E:\3.44\rc2\pic18-lt\cxx-framework\src\traditional\proc\p18f67j94.asm
              ADCON2Lbits   0x000e8c       data     extern E:\3.44\rc2\pic18-lt\cxx-framework\src\traditional\proc\p18f67j94.asm
                  ADCON3H   0x000e8b       data     extern E:\3.44\rc2\pic18-lt\cxx-framework\src\traditional\proc\p18f67j94.asm
              ADCON3Hbits   0x000e8b       data     extern E:\3.44\rc2\pic18-lt\cxx-framework\src\traditional\proc\p18f67j94.asm
                  ADCON3L   0x000e8a       data     extern E:\3.44\rc2\pic18-lt\cxx-framework\src\traditional\proc\p18f67j94.asm
              ADCON3Lbits   0x000e8a       data     extern E:\3.44\rc2\pic18-lt\cxx-framework\src\traditional\proc\p18f67j94.asm
                  ADCON5H   0x000e89       data     extern E:\3.44\rc2\pic18-lt\cxx-framework\src\traditional\proc\p18f67j94.asm
              ADCON5Hbits   0x000e89       data     extern E:\3.44\rc2\pic18-lt\cxx-framework\src\traditional\proc\p18f67j94.asm
                  ADCON5L   0x000e88       data     extern E:\3.44\rc2\pic18-lt\cxx-framework\src\traditional\proc\p18f67j94.asm
              ADCON5Lbits   0x000e88       data     extern E:\3.44\rc2\pic18-lt\cxx-framework\src\traditional\proc\p18f67j94.asm
                  ADCSS0H   0x000e83       data     extern E:\3.44\rc2\pic18-lt\cxx-framework\src\traditional\proc\p18f67j94.asm
              ADCSS0Hbits   0x000e83       data     extern E:\3.44\rc2\pic18-lt\cxx-framework\src\traditional\proc\p18f67j94.asm
                  ADCSS0L   0x000e82       data     extern E:\3.44\rc2\pic18-lt\cxx-framework\src\traditional\proc\p18f67j94.asm
              ADCSS0Lbits   0x000e82       data     extern E:\3.44\rc2\pic18-lt\cxx-framework\src\traditional\proc\p18f67j94.asm
                  ADCSS1H   0x000e85       data     extern E:\3.44\rc2\pic18-lt\cxx-framework\src\traditional\proc\p18f67j94.asm
              ADCSS1Hbits   0x000e85       data     extern E:\3.44\rc2\pic18-lt\cxx-framework\src\traditional\proc\p18f67j94.asm
                  ADCSS1L   0x000e84       data     extern E:\3.44\rc2\pic18-lt\cxx-framework\src\traditional\proc\p18f67j94.asm
              ADCSS1Lbits   0x000e84       data     extern E:\3.44\rc2\pic18-lt\cxx-framework\src\traditional\proc\p18f67j94.asm
               ADCTMUEN0H   0x000e7b       data     extern E:\3.44\rc2\pic18-lt\cxx-framework\src\traditional\proc\p18f67j94.asm
           ADCTMUEN0Hbits   0x000e7b       data     extern E:\3.44\rc2\pic18-lt\cxx-framework\src\traditional\proc\p18f67j94.asm
               ADCTMUEN0L   0x000e7a       data     extern E:\3.44\rc2\pic18-lt\cxx-framework\src\traditional\proc\p18f67j94.asm
           ADCTMUEN0Lbits   0x000e7a       data     extern E:\3.44\rc2\pic18-lt\cxx-framework\src\traditional\proc\p18f67j94.asm
               ADCTMUEN1H   0x000e7d       data     extern E:\3.44\rc2\pic18-lt\cxx-framework\src\traditional\proc\p18f67j94.asm
           ADCTMUEN1Hbits   0x000e7d       data     extern E:\3.44\rc2\pic18-lt\cxx-framework\src\traditional\proc\p18f67j94.asm
               ADCTMUEN1L   0x000e7c       data     extern E:\3.44\rc2\pic18-lt\cxx-framework\src\traditional\proc\p18f67j94.asm
           ADCTMUEN1Lbits   0x000e7c       data     extern E:\3.44\rc2\pic18-lt\cxx-framework\src\traditional\proc\p18f67j94.asm
                  ALRMCFG   0x000f5b       data     extern E:\3.44\rc2\pic18-lt\cxx-framework\src\traditional\proc\p18f67j94.asm
              ALRMCFGbits   0x000f5b       data     extern E:\3.44\rc2\pic18-lt\cxx-framework\src\traditional\proc\p18f67j94.asm
                  ALRMRPT   0x000f5a       data     extern E:\3.44\rc2\pic18-lt\cxx-framework\src\traditional\proc\p18f67j94.asm
              ALRMRPTbits   0x000f5a       data     extern E:\3.44\rc2\pic18-lt\cxx-framework\src\traditional\proc\p18f67j94.asm
                 ALRMVALH   0x000f59       data     extern E:\3.44\rc2\pic18-lt\cxx-framework\src\traditional\proc\p18f67j94.asm
                 ALRMVALL   0x000f58       data     extern E:\3.44\rc2\pic18-lt\cxx-framework\src\traditional\proc\p18f67j94.asm
                    ANCFG   0x000f01       data     extern E:\3.44\rc2\pic18-lt\cxx-framework\src\traditional\proc\p18f67j94.asm
                ANCFGbits   0x000f01       data     extern E:\3.44\rc2\pic18-lt\cxx-framework\src\traditional\proc\p18f67j94.asm
                   ANCON1   0x000e47       data     extern E:\3.44\rc2\pic18-lt\cxx-framework\src\traditional\proc\p18f67j94.asm
               ANCON1bits   0x000e47       data     extern E:\3.44\rc2\pic18-lt\cxx-framework\src\traditional\proc\p18f67j94.asm
                   ANCON2   0x000e46       data     extern E:\3.44\rc2\pic18-lt\cxx-framework\src\traditional\proc\p18f67j94.asm
               ANCON2bits   0x000e46       data     extern E:\3.44\rc2\pic18-lt\cxx-framework\src\traditional\proc\p18f67j94.asm
                   ANCON3   0x000e45       data     extern E:\3.44\rc2\pic18-lt\cxx-framework\src\traditional\proc\p18f67j94.asm
               ANCON3bits   0x000e45       data     extern E:\3.44\rc2\pic18-lt\cxx-framework\src\traditional\proc\p18f67j94.asm
                  BAUDCON   0x000f67       data     extern E:\3.44\rc2\pic18-lt\cxx-framework\src\traditional\proc\p18f67j94.asm
                 BAUDCON1   0x000f67       data     extern E:\3.44\rc2\pic18-lt\cxx-framework\src\traditional\proc\p18f67j94.asm
             BAUDCON1bits   0x000f67       data     extern E:\3.44\rc2\pic18-lt\cxx-framework\src\traditional\proc\p18f67j94.asm
                 BAUDCON2   0x000f31       data     extern E:\3.44\rc2\pic18-lt\cxx-framework\src\traditional\proc\p18f67j94.asm
             BAUDCON2bits   0x000f31       data     extern E:\3.44\rc2\pic18-lt\cxx-framework\src\traditional\proc\p18f67j94.asm
                 BAUDCON3   0x000f2d       data     extern E:\3.44\rc2\pic18-lt\cxx-framework\src\traditional\proc\p18f67j94.asm
             BAUDCON3bits   0x000f2d       data     extern E:\3.44\rc2\pic18-lt\cxx-framework\src\traditional\proc\p18f67j94.asm
                 BAUDCON4   0x000efd       data     extern E:\3.44\rc2\pic18-lt\cxx-framework\src\traditional\proc\p18f67j94.asm
             BAUDCON4bits   0x000efd       data     extern E:\3.44\rc2\pic18-lt\cxx-framework\src\traditional\proc\p18f67j94.asm
              BAUDCONbits   0x000f67       data     extern E:\3.44\rc2\pic18-lt\cxx-framework\src\traditional\proc\p18f67j94.asm
                      BSR   0x000fe0       data     extern E:\3.44\rc2\pic18-lt\cxx-framework\src\traditional\proc\p18f67j94.asm
                 CCP10CON   0x000f40       data     extern E:\3.44\rc2\pic18-lt\cxx-framework\src\traditional\proc\p18f67j94.asm
             CCP10CONbits   0x000f40       data     extern E:\3.44\rc2\pic18-lt\cxx-framework\src\traditional\proc\p18f67j94.asm
                  CCP1CON   0x000fb9       data     extern E:\3.44\rc2\pic18-lt\cxx-framework\src\traditional\proc\p18f67j94.asm
              CCP1CONbits   0x000fb9       data     extern E:\3.44\rc2\pic18-lt\cxx-framework\src\traditional\proc\p18f67j94.asm
                  CCP2CON   0x000f4e       data     extern E:\3.44\rc2\pic18-lt\cxx-framework\src\traditional\proc\p18f67j94.asm
              CCP2CONbits   0x000f4e       data     extern E:\3.44\rc2\pic18-lt\cxx-framework\src\traditional\proc\p18f67j94.asm
                  CCP3CON   0x000f49       data     extern E:\3.44\rc2\pic18-lt\cxx-framework\src\traditional\proc\p18f67j94.asm
              CCP3CONbits   0x000f49       data     extern E:\3.44\rc2\pic18-lt\cxx-framework\src\traditional\proc\p18f67j94.asm
                  CCP4CON   0x000f10       data     extern E:\3.44\rc2\pic18-lt\cxx-framework\src\traditional\proc\p18f67j94.asm
              CCP4CONbits   0x000f10       data     extern E:\3.44\rc2\pic18-lt\cxx-framework\src\traditional\proc\p18f67j94.asm
                  CCP5CON   0x000f0d       data     extern E:\3.44\rc2\pic18-lt\cxx-framework\src\traditional\proc\p18f67j94.asm
              CCP5CONbits   0x000f0d       data     extern E:\3.44\rc2\pic18-lt\cxx-framework\src\traditional\proc\p18f67j94.asm
                  CCP6CON   0x000f0a       data     extern E:\3.44\rc2\pic18-lt\cxx-framework\src\traditional\proc\p18f67j94.asm
              CCP6CONbits   0x000f0a       data     extern E:\3.44\rc2\pic18-lt\cxx-framework\src\traditional\proc\p18f67j94.asm
                  CCP7CON   0x000f07       data     extern E:\3.44\rc2\pic18-lt\cxx-framework\src\traditional\proc\p18f67j94.asm
              CCP7CONbits   0x000f07       data     extern E:\3.44\rc2\pic18-lt\cxx-framework\src\traditional\proc\p18f67j94.asm
                  CCP8CON   0x000f46       data     extern E:\3.44\rc2\pic18-lt\cxx-framework\src\traditional\proc\p18f67j94.asm
              CCP8CONbits   0x000f46       data     extern E:\3.44\rc2\pic18-lt\cxx-framework\src\traditional\proc\p18f67j94.asm
                  CCP9CON   0x000f43       data     extern E:\3.44\rc2\pic18-lt\cxx-framework\src\traditional\proc\p18f67j94.asm
              CCP9CONbits   0x000f43       data     extern E:\3.44\rc2\pic18-lt\cxx-framework\src\traditional\proc\p18f67j94.asm
                    CCPR1   0x000fba       data     extern E:\3.44\rc2\pic18-lt\cxx-framework\src\traditional\proc\p18f67j94.asm
                   CCPR10   0x000f41       data     extern E:\3.44\rc2\pic18-lt\cxx-framework\src\traditional\proc\p18f67j94.asm
                  CCPR10H   0x000f42       data     extern E:\3.44\rc2\pic18-lt\cxx-framework\src\traditional\proc\p18f67j94.asm
                  CCPR10L   0x000f41       data     extern E:\3.44\rc2\pic18-lt\cxx-framework\src\traditional\proc\p18f67j94.asm
                   CCPR1H   0x000fbb       data     extern E:\3.44\rc2\pic18-lt\cxx-framework\src\traditional\proc\p18f67j94.asm
                   CCPR1L   0x000fba       data     extern E:\3.44\rc2\pic18-lt\cxx-framework\src\traditional\proc\p18f67j94.asm
                    CCPR2   0x000f4f       data     extern E:\3.44\rc2\pic18-lt\cxx-framework\src\traditional\proc\p18f67j94.asm
                   CCPR2H   0x000f50       data     extern E:\3.44\rc2\pic18-lt\cxx-framework\src\traditional\proc\p18f67j94.asm
                   CCPR2L   0x000f4f       data     extern E:\3.44\rc2\pic18-lt\cxx-framework\src\traditional\proc\p18f67j94.asm
                    CCPR3   0x000f4a       data     extern E:\3.44\rc2\pic18-lt\cxx-framework\src\traditional\proc\p18f67j94.asm
                   CCPR3H   0x000f4b       data     extern E:\3.44\rc2\pic18-lt\cxx-framework\src\traditional\proc\p18f67j94.asm
                   CCPR3L   0x000f4a       data     extern E:\3.44\rc2\pic18-lt\cxx-framework\src\traditional\proc\p18f67j94.asm
                    CCPR4   0x000f11       data     extern E:\3.44\rc2\pic18-lt\cxx-framework\src\traditional\proc\p18f67j94.asm
                   CCPR4H   0x000f12       data     extern E:\3.44\rc2\pic18-lt\cxx-framework\src\traditional\proc\p18f67j94.asm
                   CCPR4L   0x000f11       data     extern E:\3.44\rc2\pic18-lt\cxx-framework\src\traditional\proc\p18f67j94.asm
                    CCPR5   0x000f0e       data     extern E:\3.44\rc2\pic18-lt\cxx-framework\src\traditional\proc\p18f67j94.asm
                   CCPR5H   0x000f0f       data     extern E:\3.44\rc2\pic18-lt\cxx-framework\src\traditional\proc\p18f67j94.asm
                   CCPR5L   0x000f0e       data     extern E:\3.44\rc2\pic18-lt\cxx-framework\src\traditional\proc\p18f67j94.asm
                    CCPR6   0x000f0b       data     extern E:\3.44\rc2\pic18-lt\cxx-framework\src\traditional\proc\p18f67j94.asm
                   CCPR6H   0x000f0c       data     extern E:\3.44\rc2\pic18-lt\cxx-framework\src\traditional\proc\p18f67j94.asm
                   CCPR6L   0x000f0b       data     extern E:\3.44\rc2\pic18-lt\cxx-framework\src\traditional\proc\p18f67j94.asm
                    CCPR7   0x000f08       data     extern E:\3.44\rc2\pic18-lt\cxx-framework\src\traditional\proc\p18f67j94.asm
                   CCPR7H   0x000f09       data     extern E:\3.44\rc2\pic18-lt\cxx-framework\src\traditional\proc\p18f67j94.asm
                   CCPR7L   0x000f08       data     extern E:\3.44\rc2\pic18-lt\cxx-framework\src\traditional\proc\p18f67j94.asm
                    CCPR8   0x000f47       data     extern E:\3.44\rc2\pic18-lt\cxx-framework\src\traditional\proc\p18f67j94.asm
                   CCPR8H   0x000f48       data     extern E:\3.44\rc2\pic18-lt\cxx-framework\src\traditional\proc\p18f67j94.asm
                   CCPR8L   0x000f47       data     extern E:\3.44\rc2\pic18-lt\cxx-framework\src\traditional\proc\p18f67j94.asm
                    CCPR9   0x000f44       data     extern E:\3.44\rc2\pic18-lt\cxx-framework\src\traditional\proc\p18f67j94.asm
                   CCPR9H   0x000f45       data     extern E:\3.44\rc2\pic18-lt\cxx-framework\src\traditional\proc\p18f67j94.asm
                   CCPR9L   0x000f44       data     extern E:\3.44\rc2\pic18-lt\cxx-framework\src\traditional\proc\p18f67j94.asm
                 CCPTMRS0   0x000f36       data     extern E:\3.44\rc2\pic18-lt\cxx-framework\src\traditional\proc\p18f67j94.asm
             CCPTMRS0bits   0x000f36       data     extern E:\3.44\rc2\pic18-lt\cxx-framework\src\traditional\proc\p18f67j94.asm
                 CCPTMRS1   0x000f35       data     extern E:\3.44\rc2\pic18-lt\cxx-framework\src\traditional\proc\p18f67j94.asm
             CCPTMRS1bits   0x000f35       data     extern E:\3.44\rc2\pic18-lt\cxx-framework\src\traditional\proc\p18f67j94.asm
                 CCPTMRS2   0x000f34       data     extern E:\3.44\rc2\pic18-lt\cxx-framework\src\traditional\proc\p18f67j94.asm
             CCPTMRS2bits   0x000f34       data     extern E:\3.44\rc2\pic18-lt\cxx-framework\src\traditional\proc\p18f67j94.asm
                   CM1CON   0x000f53       data     extern E:\3.44\rc2\pic18-lt\cxx-framework\src\traditional\proc\p18f67j94.asm
               CM1CONbits   0x000f53       data     extern E:\3.44\rc2\pic18-lt\cxx-framework\src\traditional\proc\p18f67j94.asm
                   CM2CON   0x000f38       data     extern E:\3.44\rc2\pic18-lt\cxx-framework\src\traditional\proc\p18f67j94.asm
               CM2CONbits   0x000f38       data     extern E:\3.44\rc2\pic18-lt\cxx-framework\src\traditional\proc\p18f67j94.asm
                   CM3CON   0x000f37       data     extern E:\3.44\rc2\pic18-lt\cxx-framework\src\traditional\proc\p18f67j94.asm
               CM3CONbits   0x000f37       data     extern E:\3.44\rc2\pic18-lt\cxx-framework\src\traditional\proc\p18f67j94.asm
                   CMSTAT   0x000fc4       data     extern E:\3.44\rc2\pic18-lt\cxx-framework\src\traditional\proc\p18f67j94.asm
               CMSTATbits   0x000fc4       data     extern E:\3.44\rc2\pic18-lt\cxx-framework\src\traditional\proc\p18f67j94.asm
                 CTMUCON1   0x000ef8       data     extern E:\3.44\rc2\pic18-lt\cxx-framework\src\traditional\proc\p18f67j94.asm
             CTMUCON1bits   0x000ef8       data     extern E:\3.44\rc2\pic18-lt\cxx-framework\src\traditional\proc\p18f67j94.asm
                 CTMUCON2   0x000ef7       data     extern E:\3.44\rc2\pic18-lt\cxx-framework\src\traditional\proc\p18f67j94.asm
             CTMUCON2bits   0x000ef7       data     extern E:\3.44\rc2\pic18-lt\cxx-framework\src\traditional\proc\p18f67j94.asm
                 CTMUCON3   0x000ef6       data     extern E:\3.44\rc2\pic18-lt\cxx-framework\src\traditional\proc\p18f67j94.asm
             CTMUCON3bits   0x000ef6       data     extern E:\3.44\rc2\pic18-lt\cxx-framework\src\traditional\proc\p18f67j94.asm
                 CTMUCON4   0x000ef5       data     extern E:\3.44\rc2\pic18-lt\cxx-framework\src\traditional\proc\p18f67j94.asm
             CTMUCON4bits   0x000ef5       data     extern E:\3.44\rc2\pic18-lt\cxx-framework\src\traditional\proc\p18f67j94.asm
                  CVRCONH   0x000fbf       data     extern E:\3.44\rc2\pic18-lt\cxx-framework\src\traditional\proc\p18f67j94.asm
              CVRCONHbits   0x000fbf       data     extern E:\3.44\rc2\pic18-lt\cxx-framework\src\traditional\proc\p18f67j94.asm
                  CVRCONL   0x000fbe       data     extern E:\3.44\rc2\pic18-lt\cxx-framework\src\traditional\proc\p18f67j94.asm
              CVRCONLbits   0x000fbe       data     extern E:\3.44\rc2\pic18-lt\cxx-framework\src\traditional\proc\p18f67j94.asm
                   DMABCH   0x000f6b       data     extern E:\3.44\rc2\pic18-lt\cxx-framework\src\traditional\proc\p18f67j94.asm
               DMABCHbits   0x000f6b       data     extern E:\3.44\rc2\pic18-lt\cxx-framework\src\traditional\proc\p18f67j94.asm
                   DMABCL   0x000f6c       data     extern E:\3.44\rc2\pic18-lt\cxx-framework\src\traditional\proc\p18f67j94.asm
               DMABCLbits   0x000f6c       data     extern E:\3.44\rc2\pic18-lt\cxx-framework\src\traditional\proc\p18f67j94.asm
                  DMACON1   0x000f60       data     extern E:\3.44\rc2\pic18-lt\cxx-framework\src\traditional\proc\p18f67j94.asm
              DMACON1bits   0x000f60       data     extern E:\3.44\rc2\pic18-lt\cxx-framework\src\traditional\proc\p18f67j94.asm
                  DMACON2   0x000f00       data     extern E:\3.44\rc2\pic18-lt\cxx-framework\src\traditional\proc\p18f67j94.asm
              DMACON2bits   0x000f00       data     extern E:\3.44\rc2\pic18-lt\cxx-framework\src\traditional\proc\p18f67j94.asm
                   DSCONH   0x000f27       data     extern E:\3.44\rc2\pic18-lt\cxx-framework\src\traditional\proc\p18f67j94.asm
               DSCONHbits   0x000f27       data     extern E:\3.44\rc2\pic18-lt\cxx-framework\src\traditional\proc\p18f67j94.asm
                   DSCONL   0x000f28       data     extern E:\3.44\rc2\pic18-lt\cxx-framework\src\traditional\proc\p18f67j94.asm
               DSCONLbits   0x000f28       data     extern E:\3.44\rc2\pic18-lt\cxx-framework\src\traditional\proc\p18f67j94.asm
                   DSGPR0   0x000f24       data     extern E:\3.44\rc2\pic18-lt\cxx-framework\src\traditional\proc\p18f67j94.asm
                   DSGPR1   0x000f23       data     extern E:\3.44\rc2\pic18-lt\cxx-framework\src\traditional\proc\p18f67j94.asm
                   DSGPR2   0x000f22       data     extern E:\3.44\rc2\pic18-lt\cxx-framework\src\traditional\proc\p18f67j94.asm
                   DSGPR3   0x000f21       data     extern E:\3.44\rc2\pic18-lt\cxx-framework\src\traditional\proc\p18f67j94.asm
                  DSWAKEH   0x000f25       data     extern E:\3.44\rc2\pic18-lt\cxx-framework\src\traditional\proc\p18f67j94.asm
              DSWAKEHbits   0x000f25       data     extern E:\3.44\rc2\pic18-lt\cxx-framework\src\traditional\proc\p18f67j94.asm
                  DSWAKEL   0x000f26       data     extern E:\3.44\rc2\pic18-lt\cxx-framework\src\traditional\proc\p18f67j94.asm
              DSWAKELbits   0x000f26       data     extern E:\3.44\rc2\pic18-lt\cxx-framework\src\traditional\proc\p18f67j94.asm
            DelayCounter1   0x000005       data     extern E:\3.44\pic18-lt\cxx-framework\src\traditional\delays\delayd1.asm
            DelayCounter2   0x000004       data     extern E:\3.44\pic18-lt\cxx-framework\src\traditional\delays\delayd2.asm
                  ECCP1AS   0x000fbd       data     extern E:\3.44\rc2\pic18-lt\cxx-framework\src\traditional\proc\p18f67j94.asm
              ECCP1ASbits   0x000fbd       data     extern E:\3.44\rc2\pic18-lt\cxx-framework\src\traditional\proc\p18f67j94.asm
                 ECCP1DEL   0x000fbc       data     extern E:\3.44\rc2\pic18-lt\cxx-framework\src\traditional\proc\p18f67j94.asm
             ECCP1DELbits   0x000fbc       data     extern E:\3.44\rc2\pic18-lt\cxx-framework\src\traditional\proc\p18f67j94.asm
                  ECCP2AS   0x000f52       data     extern E:\3.44\rc2\pic18-lt\cxx-framework\src\traditional\proc\p18f67j94.asm
              ECCP2ASbits   0x000f52       data     extern E:\3.44\rc2\pic18-lt\cxx-framework\src\traditional\proc\p18f67j94.asm
                 ECCP2DEL   0x000f51       data     extern E:\3.44\rc2\pic18-lt\cxx-framework\src\traditional\proc\p18f67j94.asm
             ECCP2DELbits   0x000f51       data     extern E:\3.44\rc2\pic18-lt\cxx-framework\src\traditional\proc\p18f67j94.asm
                  ECCP3AS   0x000f4d       data     extern E:\3.44\rc2\pic18-lt\cxx-framework\src\traditional\proc\p18f67j94.asm
              ECCP3ASbits   0x000f4d       data     extern E:\3.44\rc2\pic18-lt\cxx-framework\src\traditional\proc\p18f67j94.asm
                 ECCP3DEL   0x000f4c       data     extern E:\3.44\rc2\pic18-lt\cxx-framework\src\traditional\proc\p18f67j94.asm
             ECCP3DELbits   0x000f4c       data     extern E:\3.44\rc2\pic18-lt\cxx-framework\src\traditional\proc\p18f67j94.asm
                   EECON1   0x000f7f       data     extern E:\3.44\rc2\pic18-lt\cxx-framework\src\traditional\proc\p18f67j94.asm
               EECON1bits   0x000f7f       data     extern E:\3.44\rc2\pic18-lt\cxx-framework\src\traditional\proc\p18f67j94.asm
                   EECON2   0x000f7e       data     extern E:\3.44\rc2\pic18-lt\cxx-framework\src\traditional\proc\p18f67j94.asm
                     FSR0   0x000fe9       data     extern E:\3.44\rc2\pic18-lt\cxx-framework\src\traditional\proc\p18f67j94.asm
                    FSR0H   0x000fea       data     extern E:\3.44\rc2\pic18-lt\cxx-framework\src\traditional\proc\p18f67j94.asm
                    FSR0L   0x000fe9       data     extern E:\3.44\rc2\pic18-lt\cxx-framework\src\traditional\proc\p18f67j94.asm
                     FSR1   0x000fe1       data     extern E:\3.44\rc2\pic18-lt\cxx-framework\src\traditional\proc\p18f67j94.asm
                    FSR1H   0x000fe2       data     extern E:\3.44\rc2\pic18-lt\cxx-framework\src\traditional\proc\p18f67j94.asm
                    FSR1L   0x000fe1       data     extern E:\3.44\rc2\pic18-lt\cxx-framework\src\traditional\proc\p18f67j94.asm
                     FSR2   0x000fd9       data     extern E:\3.44\rc2\pic18-lt\cxx-framework\src\traditional\proc\p18f67j94.asm
                    FSR2H   0x000fda       data     extern E:\3.44\rc2\pic18-lt\cxx-framework\src\traditional\proc\p18f67j94.asm
                    FSR2L   0x000fd9       data     extern E:\3.44\rc2\pic18-lt\cxx-framework\src\traditional\proc\p18f67j94.asm
                  HLVDCON   0x000fa8       data     extern E:\3.44\rc2\pic18-lt\cxx-framework\src\traditional\proc\p18f67j94.asm
              HLVDCONbits   0x000fa8       data     extern E:\3.44\rc2\pic18-lt\cxx-framework\src\traditional\proc\p18f67j94.asm
                    INDF0   0x000fef       data     extern E:\3.44\rc2\pic18-lt\cxx-framework\src\traditional\proc\p18f67j94.asm
                    INDF1   0x000fe7       data     extern E:\3.44\rc2\pic18-lt\cxx-framework\src\traditional\proc\p18f67j94.asm
                    INDF2   0x000fdf       data     extern E:\3.44\rc2\pic18-lt\cxx-framework\src\traditional\proc\p18f67j94.asm
                   INTCON   0x000ff2       data     extern E:\3.44\rc2\pic18-lt\cxx-framework\src\traditional\proc\p18f67j94.asm
                  INTCON2   0x000ff1       data     extern E:\3.44\rc2\pic18-lt\cxx-framework\src\traditional\proc\p18f67j94.asm
              INTCON2bits   0x000ff1       data     extern E:\3.44\rc2\pic18-lt\cxx-framework\src\traditional\proc\p18f67j94.asm
                  INTCON3   0x000ff0       data     extern E:\3.44\rc2\pic18-lt\cxx-framework\src\traditional\proc\p18f67j94.asm
              INTCON3bits   0x000ff0       data     extern E:\3.44\rc2\pic18-lt\cxx-framework\src\traditional\proc\p18f67j94.asm
               INTCONbits   0x000ff2       data     extern E:\3.44\rc2\pic18-lt\cxx-framework\src\traditional\proc\p18f67j94.asm
                     IOCF   0x000fd1       data     extern E:\3.44\rc2\pic18-lt\cxx-framework\src\traditional\proc\p18f67j94.asm
                 IOCFbits   0x000fd1       data     extern E:\3.44\rc2\pic18-lt\cxx-framework\src\traditional\proc\p18f67j94.asm
                     IOCN   0x000f55       data     extern E:\3.44\rc2\pic18-lt\cxx-framework\src\traditional\proc\p18f67j94.asm
                 IOCNbits   0x000f55       data     extern E:\3.44\rc2\pic18-lt\cxx-framework\src\traditional\proc\p18f67j94.asm
                     IOCP   0x000f56       data     extern E:\3.44\rc2\pic18-lt\cxx-framework\src\traditional\proc\p18f67j94.asm
                 IOCPbits   0x000f56       data     extern E:\3.44\rc2\pic18-lt\cxx-framework\src\traditional\proc\p18f67j94.asm
                     IPR1   0x000f9f       data     extern E:\3.44\rc2\pic18-lt\cxx-framework\src\traditional\proc\p18f67j94.asm
                 IPR1bits   0x000f9f       data     extern E:\3.44\rc2\pic18-lt\cxx-framework\src\traditional\proc\p18f67j94.asm
                     IPR2   0x000fa2       data     extern E:\3.44\rc2\pic18-lt\cxx-framework\src\traditional\proc\p18f67j94.asm
                 IPR2bits   0x000fa2       data     extern E:\3.44\rc2\pic18-lt\cxx-framework\src\traditional\proc\p18f67j94.asm
                     IPR3   0x000fa5       data     extern E:\3.44\rc2\pic18-lt\cxx-framework\src\traditional\proc\p18f67j94.asm
                 IPR3bits   0x000fa5       data     extern E:\3.44\rc2\pic18-lt\cxx-framework\src\traditional\proc\p18f67j94.asm
                     IPR4   0x000fb6       data     extern E:\3.44\rc2\pic18-lt\cxx-framework\src\traditional\proc\p18f67j94.asm
                 IPR4bits   0x000fb6       data     extern E:\3.44\rc2\pic18-lt\cxx-framework\src\traditional\proc\p18f67j94.asm
                     IPR5   0x000fd2       data     extern E:\3.44\rc2\pic18-lt\cxx-framework\src\traditional\proc\p18f67j94.asm
                 IPR5bits   0x000fd2       data     extern E:\3.44\rc2\pic18-lt\cxx-framework\src\traditional\proc\p18f67j94.asm
                     IPR6   0x000fa9       data     extern E:\3.44\rc2\pic18-lt\cxx-framework\src\traditional\proc\p18f67j94.asm
                 IPR6bits   0x000fa9       data     extern E:\3.44\rc2\pic18-lt\cxx-framework\src\traditional\proc\p18f67j94.asm
                     LATA   0x000f89       data     extern E:\3.44\rc2\pic18-lt\cxx-framework\src\traditional\proc\p18f67j94.asm
                 LATAbits   0x000f89       data     extern E:\3.44\rc2\pic18-lt\cxx-framework\src\traditional\proc\p18f67j94.asm
                     LATB   0x000f8a       data     extern E:\3.44\rc2\pic18-lt\cxx-framework\src\traditional\proc\p18f67j94.asm
                 LATBbits   0x000f8a       data     extern E:\3.44\rc2\pic18-lt\cxx-framework\src\traditional\proc\p18f67j94.asm
                     LATC   0x000f8b       data     extern E:\3.44\rc2\pic18-lt\cxx-framework\src\traditional\proc\p18f67j94.asm
                 LATCbits   0x000f8b       data     extern E:\3.44\rc2\pic18-lt\cxx-framework\src\traditional\proc\p18f67j94.asm
                     LATD   0x000f8c       data     extern E:\3.44\rc2\pic18-lt\cxx-framework\src\traditional\proc\p18f67j94.asm
                 LATDbits   0x000f8c       data     extern E:\3.44\rc2\pic18-lt\cxx-framework\src\traditional\proc\p18f67j94.asm
                     LATE   0x000f8d       data     extern E:\3.44\rc2\pic18-lt\cxx-framework\src\traditional\proc\p18f67j94.asm
                 LATEbits   0x000f8d       data     extern E:\3.44\rc2\pic18-lt\cxx-framework\src\traditional\proc\p18f67j94.asm
                     LATF   0x000f8e       data     extern E:\3.44\rc2\pic18-lt\cxx-framework\src\traditional\proc\p18f67j94.asm
                 LATFbits   0x000f8e       data     extern E:\3.44\rc2\pic18-lt\cxx-framework\src\traditional\proc\p18f67j94.asm
                     LATG   0x000f8f       data     extern E:\3.44\rc2\pic18-lt\cxx-framework\src\traditional\proc\p18f67j94.asm
                 LATGbits   0x000f8f       data     extern E:\3.44\rc2\pic18-lt\cxx-framework\src\traditional\proc\p18f67j94.asm
                    LATVP   0x000f72       data     extern E:\3.44\rc2\pic18-lt\cxx-framework\src\traditional\proc\p18f67j94.asm
                LATVPbits   0x000f72       data     extern E:\3.44\rc2\pic18-lt\cxx-framework\src\traditional\proc\p18f67j94.asm
                   LCDCON   0x000ed9       data     extern E:\3.44\rc2\pic18-lt\cxx-framework\src\traditional\proc\p18f67j94.asm
               LCDCONbits   0x000ed9       data     extern E:\3.44\rc2\pic18-lt\cxx-framework\src\traditional\proc\p18f67j94.asm
                 LCDDATA0   0x000e8e       data     extern E:\3.44\rc2\pic18-lt\cxx-framework\src\traditional\proc\p18f67j94.asm
             LCDDATA0bits   0x000e8e       data     extern E:\3.44\rc2\pic18-lt\cxx-framework\src\traditional\proc\p18f67j94.asm
                 LCDDATA1   0x000e8f       data     extern E:\3.44\rc2\pic18-lt\cxx-framework\src\traditional\proc\p18f67j94.asm
                LCDDATA10   0x000e98       data     extern E:\3.44\rc2\pic18-lt\cxx-framework\src\traditional\proc\p18f67j94.asm
            LCDDATA10bits   0x000e98       data     extern E:\3.44\rc2\pic18-lt\cxx-framework\src\traditional\proc\p18f67j94.asm
                LCDDATA11   0x000e99       data     extern E:\3.44\rc2\pic18-lt\cxx-framework\src\traditional\proc\p18f67j94.asm
            LCDDATA11bits   0x000e99       data     extern E:\3.44\rc2\pic18-lt\cxx-framework\src\traditional\proc\p18f67j94.asm
                LCDDATA12   0x000e9a       data     extern E:\3.44\rc2\pic18-lt\cxx-framework\src\traditional\proc\p18f67j94.asm
            LCDDATA12bits   0x000e9a       data     extern E:\3.44\rc2\pic18-lt\cxx-framework\src\traditional\proc\p18f67j94.asm
                LCDDATA13   0x000e9b       data     extern E:\3.44\rc2\pic18-lt\cxx-framework\src\traditional\proc\p18f67j94.asm
            LCDDATA13bits   0x000e9b       data     extern E:\3.44\rc2\pic18-lt\cxx-framework\src\traditional\proc\p18f67j94.asm
                LCDDATA14   0x000e9c       data     extern E:\3.44\rc2\pic18-lt\cxx-framework\src\traditional\proc\p18f67j94.asm
            LCDDATA14bits   0x000e9c       data     extern E:\3.44\rc2\pic18-lt\cxx-framework\src\traditional\proc\p18f67j94.asm
                LCDDATA15   0x000e9d       data     extern E:\3.44\rc2\pic18-lt\cxx-framework\src\traditional\proc\p18f67j94.asm
            LCDDATA15bits   0x000e9d       data     extern E:\3.44\rc2\pic18-lt\cxx-framework\src\traditional\proc\p18f67j94.asm
                LCDDATA16   0x000e9e       data     extern E:\3.44\rc2\pic18-lt\cxx-framework\src\traditional\proc\p18f67j94.asm
            LCDDATA16bits   0x000e9e       data     extern E:\3.44\rc2\pic18-lt\cxx-framework\src\traditional\proc\p18f67j94.asm
                LCDDATA17   0x000e9f       data     extern E:\3.44\rc2\pic18-lt\cxx-framework\src\traditional\proc\p18f67j94.asm
            LCDDATA17bits   0x000e9f       data     extern E:\3.44\rc2\pic18-lt\cxx-framework\src\traditional\proc\p18f67j94.asm
                LCDDATA18   0x000ea0       data     extern E:\3.44\rc2\pic18-lt\cxx-framework\src\traditional\proc\p18f67j94.asm
            LCDDATA18bits   0x000ea0       data     extern E:\3.44\rc2\pic18-lt\cxx-framework\src\traditional\proc\p18f67j94.asm
                LCDDATA19   0x000ea1       data     extern E:\3.44\rc2\pic18-lt\cxx-framework\src\traditional\proc\p18f67j94.asm
            LCDDATA19bits   0x000ea1       data     extern E:\3.44\rc2\pic18-lt\cxx-framework\src\traditional\proc\p18f67j94.asm
             LCDDATA1bits   0x000e8f       data     extern E:\3.44\rc2\pic18-lt\cxx-framework\src\traditional\proc\p18f67j94.asm
                 LCDDATA2   0x000e90       data     extern E:\3.44\rc2\pic18-lt\cxx-framework\src\traditional\proc\p18f67j94.asm
                LCDDATA20   0x000ea2       data     extern E:\3.44\rc2\pic18-lt\cxx-framework\src\traditional\proc\p18f67j94.asm
            LCDDATA20bits   0x000ea2       data     extern E:\3.44\rc2\pic18-lt\cxx-framework\src\traditional\proc\p18f67j94.asm
                LCDDATA21   0x000ea3       data     extern E:\3.44\rc2\pic18-lt\cxx-framework\src\traditional\proc\p18f67j94.asm
            LCDDATA21bits   0x000ea3       data     extern E:\3.44\rc2\pic18-lt\cxx-framework\src\traditional\proc\p18f67j94.asm
                LCDDATA22   0x000ea4       data     extern E:\3.44\rc2\pic18-lt\cxx-framework\src\traditional\proc\p18f67j94.asm
            LCDDATA22bits   0x000ea4       data     extern E:\3.44\rc2\pic18-lt\cxx-framework\src\traditional\proc\p18f67j94.asm
                LCDDATA23   0x000ea5       data     extern E:\3.44\rc2\pic18-lt\cxx-framework\src\traditional\proc\p18f67j94.asm
            LCDDATA23bits   0x000ea5       data     extern E:\3.44\rc2\pic18-lt\cxx-framework\src\traditional\proc\p18f67j94.asm
                LCDDATA24   0x000ea6       data     extern E:\3.44\rc2\pic18-lt\cxx-framework\src\traditional\proc\p18f67j94.asm
            LCDDATA24bits   0x000ea6       data     extern E:\3.44\rc2\pic18-lt\cxx-framework\src\traditional\proc\p18f67j94.asm
                LCDDATA25   0x000ea7       data     extern E:\3.44\rc2\pic18-lt\cxx-framework\src\traditional\proc\p18f67j94.asm
            LCDDATA25bits   0x000ea7       data     extern E:\3.44\rc2\pic18-lt\cxx-framework\src\traditional\proc\p18f67j94.asm
                LCDDATA26   0x000ea8       data     extern E:\3.44\rc2\pic18-lt\cxx-framework\src\traditional\proc\p18f67j94.asm
            LCDDATA26bits   0x000ea8       data     extern E:\3.44\rc2\pic18-lt\cxx-framework\src\traditional\proc\p18f67j94.asm
                LCDDATA27   0x000ea9       data     extern E:\3.44\rc2\pic18-lt\cxx-framework\src\traditional\proc\p18f67j94.asm
            LCDDATA27bits   0x000ea9       data     extern E:\3.44\rc2\pic18-lt\cxx-framework\src\traditional\proc\p18f67j94.asm
                LCDDATA28   0x000eaa       data     extern E:\3.44\rc2\pic18-lt\cxx-framework\src\traditional\proc\p18f67j94.asm
            LCDDATA28bits   0x000eaa       data     extern E:\3.44\rc2\pic18-lt\cxx-framework\src\traditional\proc\p18f67j94.asm
                LCDDATA29   0x000eab       data     extern E:\3.44\rc2\pic18-lt\cxx-framework\src\traditional\proc\p18f67j94.asm
            LCDDATA29bits   0x000eab       data     extern E:\3.44\rc2\pic18-lt\cxx-framework\src\traditional\proc\p18f67j94.asm
             LCDDATA2bits   0x000e90       data     extern E:\3.44\rc2\pic18-lt\cxx-framework\src\traditional\proc\p18f67j94.asm
                 LCDDATA3   0x000e91       data     extern E:\3.44\rc2\pic18-lt\cxx-framework\src\traditional\proc\p18f67j94.asm
                LCDDATA30   0x000eac       data     extern E:\3.44\rc2\pic18-lt\cxx-framework\src\traditional\proc\p18f67j94.asm
            LCDDATA30bits   0x000eac       data     extern E:\3.44\rc2\pic18-lt\cxx-framework\src\traditional\proc\p18f67j94.asm
                LCDDATA31   0x000ead       data     extern E:\3.44\rc2\pic18-lt\cxx-framework\src\traditional\proc\p18f67j94.asm
            LCDDATA31bits   0x000ead       data     extern E:\3.44\rc2\pic18-lt\cxx-framework\src\traditional\proc\p18f67j94.asm
                LCDDATA32   0x000eae       data     extern E:\3.44\rc2\pic18-lt\cxx-framework\src\traditional\proc\p18f67j94.asm
            LCDDATA32bits   0x000eae       data     extern E:\3.44\rc2\pic18-lt\cxx-framework\src\traditional\proc\p18f67j94.asm
                LCDDATA33   0x000eaf       data     extern E:\3.44\rc2\pic18-lt\cxx-framework\src\traditional\proc\p18f67j94.asm
            LCDDATA33bits   0x000eaf       data     extern E:\3.44\rc2\pic18-lt\cxx-framework\src\traditional\proc\p18f67j94.asm
                LCDDATA34   0x000eb0       data     extern E:\3.44\rc2\pic18-lt\cxx-framework\src\traditional\proc\p18f67j94.asm
            LCDDATA34bits   0x000eb0       data     extern E:\3.44\rc2\pic18-lt\cxx-framework\src\traditional\proc\p18f67j94.asm
                LCDDATA35   0x000eb1       data     extern E:\3.44\rc2\pic18-lt\cxx-framework\src\traditional\proc\p18f67j94.asm
            LCDDATA35bits   0x000eb1       data     extern E:\3.44\rc2\pic18-lt\cxx-framework\src\traditional\proc\p18f67j94.asm
                LCDDATA36   0x000eb2       data     extern E:\3.44\rc2\pic18-lt\cxx-framework\src\traditional\proc\p18f67j94.asm
            LCDDATA36bits   0x000eb2       data     extern E:\3.44\rc2\pic18-lt\cxx-framework\src\traditional\proc\p18f67j94.asm
                LCDDATA37   0x000eb3       data     extern E:\3.44\rc2\pic18-lt\cxx-framework\src\traditional\proc\p18f67j94.asm
            LCDDATA37bits   0x000eb3       data     extern E:\3.44\rc2\pic18-lt\cxx-framework\src\traditional\proc\p18f67j94.asm
                LCDDATA38   0x000eb4       data     extern E:\3.44\rc2\pic18-lt\cxx-framework\src\traditional\proc\p18f67j94.asm
            LCDDATA38bits   0x000eb4       data     extern E:\3.44\rc2\pic18-lt\cxx-framework\src\traditional\proc\p18f67j94.asm
                LCDDATA39   0x000eb5       data     extern E:\3.44\rc2\pic18-lt\cxx-framework\src\traditional\proc\p18f67j94.asm
            LCDDATA39bits   0x000eb5       data     extern E:\3.44\rc2\pic18-lt\cxx-framework\src\traditional\proc\p18f67j94.asm
             LCDDATA3bits   0x000e91       data     extern E:\3.44\rc2\pic18-lt\cxx-framework\src\traditional\proc\p18f67j94.asm
                 LCDDATA4   0x000e92       data     extern E:\3.44\rc2\pic18-lt\cxx-framework\src\traditional\proc\p18f67j94.asm
                LCDDATA40   0x000eb6       data     extern E:\3.44\rc2\pic18-lt\cxx-framework\src\traditional\proc\p18f67j94.asm
            LCDDATA40bits   0x000eb6       data     extern E:\3.44\rc2\pic18-lt\cxx-framework\src\traditional\proc\p18f67j94.asm
                LCDDATA41   0x000eb7       data     extern E:\3.44\rc2\pic18-lt\cxx-framework\src\traditional\proc\p18f67j94.asm
            LCDDATA41bits   0x000eb7       data     extern E:\3.44\rc2\pic18-lt\cxx-framework\src\traditional\proc\p18f67j94.asm
                LCDDATA42   0x000eb8       data     extern E:\3.44\rc2\pic18-lt\cxx-framework\src\traditional\proc\p18f67j94.asm
            LCDDATA42bits   0x000eb8       data     extern E:\3.44\rc2\pic18-lt\cxx-framework\src\traditional\proc\p18f67j94.asm
                LCDDATA43   0x000eb9       data     extern E:\3.44\rc2\pic18-lt\cxx-framework\src\traditional\proc\p18f67j94.asm
            LCDDATA43bits   0x000eb9       data     extern E:\3.44\rc2\pic18-lt\cxx-framework\src\traditional\proc\p18f67j94.asm
                LCDDATA44   0x000eba       data     extern E:\3.44\rc2\pic18-lt\cxx-framework\src\traditional\proc\p18f67j94.asm
            LCDDATA44bits   0x000eba       data     extern E:\3.44\rc2\pic18-lt\cxx-framework\src\traditional\proc\p18f67j94.asm
                LCDDATA45   0x000ebb       data     extern E:\3.44\rc2\pic18-lt\cxx-framework\src\traditional\proc\p18f67j94.asm
            LCDDATA45bits   0x000ebb       data     extern E:\3.44\rc2\pic18-lt\cxx-framework\src\traditional\proc\p18f67j94.asm
                LCDDATA46   0x000ebc       data     extern E:\3.44\rc2\pic18-lt\cxx-framework\src\traditional\proc\p18f67j94.asm
            LCDDATA46bits   0x000ebc       data     extern E:\3.44\rc2\pic18-lt\cxx-framework\src\traditional\proc\p18f67j94.asm
                LCDDATA47   0x000ebd       data     extern E:\3.44\rc2\pic18-lt\cxx-framework\src\traditional\proc\p18f67j94.asm
            LCDDATA47bits   0x000ebd       data     extern E:\3.44\rc2\pic18-lt\cxx-framework\src\traditional\proc\p18f67j94.asm
                LCDDATA48   0x000ebe       data     extern E:\3.44\rc2\pic18-lt\cxx-framework\src\traditional\proc\p18f67j94.asm
            LCDDATA48bits   0x000ebe       data     extern E:\3.44\rc2\pic18-lt\cxx-framework\src\traditional\proc\p18f67j94.asm
                LCDDATA49   0x000ebf       data     extern E:\3.44\rc2\pic18-lt\cxx-framework\src\traditional\proc\p18f67j94.asm
            LCDDATA49bits   0x000ebf       data     extern E:\3.44\rc2\pic18-lt\cxx-framework\src\traditional\proc\p18f67j94.asm
             LCDDATA4bits   0x000e92       data     extern E:\3.44\rc2\pic18-lt\cxx-framework\src\traditional\proc\p18f67j94.asm
                 LCDDATA5   0x000e93       data     extern E:\3.44\rc2\pic18-lt\cxx-framework\src\traditional\proc\p18f67j94.asm
                LCDDATA50   0x000ec0       data     extern E:\3.44\rc2\pic18-lt\cxx-framework\src\traditional\proc\p18f67j94.asm
            LCDDATA50bits   0x000ec0       data     extern E:\3.44\rc2\pic18-lt\cxx-framework\src\traditional\proc\p18f67j94.asm
                LCDDATA51   0x000ec1       data     extern E:\3.44\rc2\pic18-lt\cxx-framework\src\traditional\proc\p18f67j94.asm
            LCDDATA51bits   0x000ec1       data     extern E:\3.44\rc2\pic18-lt\cxx-framework\src\traditional\proc\p18f67j94.asm
                LCDDATA52   0x000ec2       data     extern E:\3.44\rc2\pic18-lt\cxx-framework\src\traditional\proc\p18f67j94.asm
            LCDDATA52bits   0x000ec2       data     extern E:\3.44\rc2\pic18-lt\cxx-framework\src\traditional\proc\p18f67j94.asm
                LCDDATA53   0x000ec3       data     extern E:\3.44\rc2\pic18-lt\cxx-framework\src\traditional\proc\p18f67j94.asm
            LCDDATA53bits   0x000ec3       data     extern E:\3.44\rc2\pic18-lt\cxx-framework\src\traditional\proc\p18f67j94.asm
                LCDDATA54   0x000ec4       data     extern E:\3.44\rc2\pic18-lt\cxx-framework\src\traditional\proc\p18f67j94.asm
            LCDDATA54bits   0x000ec4       data     extern E:\3.44\rc2\pic18-lt\cxx-framework\src\traditional\proc\p18f67j94.asm
                LCDDATA55   0x000ec5       data     extern E:\3.44\rc2\pic18-lt\cxx-framework\src\traditional\proc\p18f67j94.asm
            LCDDATA55bits   0x000ec5       data     extern E:\3.44\rc2\pic18-lt\cxx-framework\src\traditional\proc\p18f67j94.asm
                LCDDATA56   0x000ec6       data     extern E:\3.44\rc2\pic18-lt\cxx-framework\src\traditional\proc\p18f67j94.asm
            LCDDATA56bits   0x000ec6       data     extern E:\3.44\rc2\pic18-lt\cxx-framework\src\traditional\proc\p18f67j94.asm
                LCDDATA57   0x000ec7       data     extern E:\3.44\rc2\pic18-lt\cxx-framework\src\traditional\proc\p18f67j94.asm
            LCDDATA57bits   0x000ec7       data     extern E:\3.44\rc2\pic18-lt\cxx-framework\src\traditional\proc\p18f67j94.asm
                LCDDATA58   0x000ec8       data     extern E:\3.44\rc2\pic18-lt\cxx-framework\src\traditional\proc\p18f67j94.asm
            LCDDATA58bits   0x000ec8       data     extern E:\3.44\rc2\pic18-lt\cxx-framework\src\traditional\proc\p18f67j94.asm
                LCDDATA59   0x000ec9       data     extern E:\3.44\rc2\pic18-lt\cxx-framework\src\traditional\proc\p18f67j94.asm
            LCDDATA59bits   0x000ec9       data     extern E:\3.44\rc2\pic18-lt\cxx-framework\src\traditional\proc\p18f67j94.asm
             LCDDATA5bits   0x000e93       data     extern E:\3.44\rc2\pic18-lt\cxx-framework\src\traditional\proc\p18f67j94.asm
                 LCDDATA6   0x000e94       data     extern E:\3.44\rc2\pic18-lt\cxx-framework\src\traditional\proc\p18f67j94.asm
                LCDDATA60   0x000eca       data     extern E:\3.44\rc2\pic18-lt\cxx-framework\src\traditional\proc\p18f67j94.asm
            LCDDATA60bits   0x000eca       data     extern E:\3.44\rc2\pic18-lt\cxx-framework\src\traditional\proc\p18f67j94.asm
                LCDDATA61   0x000ecb       data     extern E:\3.44\rc2\pic18-lt\cxx-framework\src\traditional\proc\p18f67j94.asm
            LCDDATA61bits   0x000ecb       data     extern E:\3.44\rc2\pic18-lt\cxx-framework\src\traditional\proc\p18f67j94.asm
                LCDDATA62   0x000ecc       data     extern E:\3.44\rc2\pic18-lt\cxx-framework\src\traditional\proc\p18f67j94.asm
            LCDDATA62bits   0x000ecc       data     extern E:\3.44\rc2\pic18-lt\cxx-framework\src\traditional\proc\p18f67j94.asm
                LCDDATA63   0x000ecd       data     extern E:\3.44\rc2\pic18-lt\cxx-framework\src\traditional\proc\p18f67j94.asm
            LCDDATA63bits   0x000ecd       data     extern E:\3.44\rc2\pic18-lt\cxx-framework\src\traditional\proc\p18f67j94.asm
             LCDDATA6bits   0x000e94       data     extern E:\3.44\rc2\pic18-lt\cxx-framework\src\traditional\proc\p18f67j94.asm
                 LCDDATA7   0x000e95       data     extern E:\3.44\rc2\pic18-lt\cxx-framework\src\traditional\proc\p18f67j94.asm
             LCDDATA7bits   0x000e95       data     extern E:\3.44\rc2\pic18-lt\cxx-framework\src\traditional\proc\p18f67j94.asm
                 LCDDATA8   0x000e96       data     extern E:\3.44\rc2\pic18-lt\cxx-framework\src\traditional\proc\p18f67j94.asm
             LCDDATA8bits   0x000e96       data     extern E:\3.44\rc2\pic18-lt\cxx-framework\src\traditional\proc\p18f67j94.asm
                 LCDDATA9   0x000e97       data     extern E:\3.44\rc2\pic18-lt\cxx-framework\src\traditional\proc\p18f67j94.asm
             LCDDATA9bits   0x000e97       data     extern E:\3.44\rc2\pic18-lt\cxx-framework\src\traditional\proc\p18f67j94.asm
                    LCDPS   0x000eda       data     extern E:\3.44\rc2\pic18-lt\cxx-framework\src\traditional\proc\p18f67j94.asm
                LCDPSbits   0x000eda       data     extern E:\3.44\rc2\pic18-lt\cxx-framework\src\traditional\proc\p18f67j94.asm
                   LCDREF   0x000ed7       data     extern E:\3.44\rc2\pic18-lt\cxx-framework\src\traditional\proc\p18f67j94.asm
               LCDREFbits   0x000ed7       data     extern E:\3.44\rc2\pic18-lt\cxx-framework\src\traditional\proc\p18f67j94.asm
                   LCDREG   0x000ed8       data     extern E:\3.44\rc2\pic18-lt\cxx-framework\src\traditional\proc\p18f67j94.asm
               LCDREGbits   0x000ed8       data     extern E:\3.44\rc2\pic18-lt\cxx-framework\src\traditional\proc\p18f67j94.asm
                    LCDRL   0x000ed6       data     extern E:\3.44\rc2\pic18-lt\cxx-framework\src\traditional\proc\p18f67j94.asm
                LCDRLbits   0x000ed6       data     extern E:\3.44\rc2\pic18-lt\cxx-framework\src\traditional\proc\p18f67j94.asm
                   LCDSE0   0x000ece       data     extern E:\3.44\rc2\pic18-lt\cxx-framework\src\traditional\proc\p18f67j94.asm
               LCDSE0bits   0x000ece       data     extern E:\3.44\rc2\pic18-lt\cxx-framework\src\traditional\proc\p18f67j94.asm
                   LCDSE1   0x000ecf       data     extern E:\3.44\rc2\pic18-lt\cxx-framework\src\traditional\proc\p18f67j94.asm
               LCDSE1bits   0x000ecf       data     extern E:\3.44\rc2\pic18-lt\cxx-framework\src\traditional\proc\p18f67j94.asm
                   LCDSE2   0x000ed0       data     extern E:\3.44\rc2\pic18-lt\cxx-framework\src\traditional\proc\p18f67j94.asm
               LCDSE2bits   0x000ed0       data     extern E:\3.44\rc2\pic18-lt\cxx-framework\src\traditional\proc\p18f67j94.asm
                   LCDSE3   0x000ed1       data     extern E:\3.44\rc2\pic18-lt\cxx-framework\src\traditional\proc\p18f67j94.asm
               LCDSE3bits   0x000ed1       data     extern E:\3.44\rc2\pic18-lt\cxx-framework\src\traditional\proc\p18f67j94.asm
                   LCDSE4   0x000ed2       data     extern E:\3.44\rc2\pic18-lt\cxx-framework\src\traditional\proc\p18f67j94.asm
               LCDSE4bits   0x000ed2       data     extern E:\3.44\rc2\pic18-lt\cxx-framework\src\traditional\proc\p18f67j94.asm
                   LCDSE5   0x000ed3       data     extern E:\3.44\rc2\pic18-lt\cxx-framework\src\traditional\proc\p18f67j94.asm
               LCDSE5bits   0x000ed3       data     extern E:\3.44\rc2\pic18-lt\cxx-framework\src\traditional\proc\p18f67j94.asm
                   LCDSE6   0x000ed4       data     extern E:\3.44\rc2\pic18-lt\cxx-framework\src\traditional\proc\p18f67j94.asm
               LCDSE6bits   0x000ed4       data     extern E:\3.44\rc2\pic18-lt\cxx-framework\src\traditional\proc\p18f67j94.asm
                   LCDSE7   0x000ed5       data     extern E:\3.44\rc2\pic18-lt\cxx-framework\src\traditional\proc\p18f67j94.asm
               LCDSE7bits   0x000ed5       data     extern E:\3.44\rc2\pic18-lt\cxx-framework\src\traditional\proc\p18f67j94.asm
                   MDCARH   0x000eed       data     extern E:\3.44\rc2\pic18-lt\cxx-framework\src\traditional\proc\p18f67j94.asm
               MDCARHbits   0x000eed       data     extern E:\3.44\rc2\pic18-lt\cxx-framework\src\traditional\proc\p18f67j94.asm
                   MDCARL   0x000eec       data     extern E:\3.44\rc2\pic18-lt\cxx-framework\src\traditional\proc\p18f67j94.asm
               MDCARLbits   0x000eec       data     extern E:\3.44\rc2\pic18-lt\cxx-framework\src\traditional\proc\p18f67j94.asm
                    MDCON   0x000eef       data     extern E:\3.44\rc2\pic18-lt\cxx-framework\src\traditional\proc\p18f67j94.asm
                MDCONbits   0x000eef       data     extern E:\3.44\rc2\pic18-lt\cxx-framework\src\traditional\proc\p18f67j94.asm
                    MDSRC   0x000eee       data     extern E:\3.44\rc2\pic18-lt\cxx-framework\src\traditional\proc\p18f67j94.asm
                MDSRCbits   0x000eee       data     extern E:\3.44\rc2\pic18-lt\cxx-framework\src\traditional\proc\p18f67j94.asm
                   ODCON1   0x000eeb       data     extern E:\3.44\rc2\pic18-lt\cxx-framework\src\traditional\proc\p18f67j94.asm
               ODCON1bits   0x000eeb       data     extern E:\3.44\rc2\pic18-lt\cxx-framework\src\traditional\proc\p18f67j94.asm
                   ODCON2   0x000eea       data     extern E:\3.44\rc2\pic18-lt\cxx-framework\src\traditional\proc\p18f67j94.asm
               ODCON2bits   0x000eea       data     extern E:\3.44\rc2\pic18-lt\cxx-framework\src\traditional\proc\p18f67j94.asm
                   OSCCON   0x000fd3       data     extern E:\3.44\rc2\pic18-lt\cxx-framework\src\traditional\proc\p18f67j94.asm
                  OSCCON2   0x000f66       data     extern E:\3.44\rc2\pic18-lt\cxx-framework\src\traditional\proc\p18f67j94.asm
              OSCCON2bits   0x000f66       data     extern E:\3.44\rc2\pic18-lt\cxx-framework\src\traditional\proc\p18f67j94.asm
                  OSCCON3   0x000f65       data     extern E:\3.44\rc2\pic18-lt\cxx-framework\src\traditional\proc\p18f67j94.asm
              OSCCON3bits   0x000f65       data     extern E:\3.44\rc2\pic18-lt\cxx-framework\src\traditional\proc\p18f67j94.asm
                  OSCCON4   0x000f64       data     extern E:\3.44\rc2\pic18-lt\cxx-framework\src\traditional\proc\p18f67j94.asm
              OSCCON4bits   0x000f64       data     extern E:\3.44\rc2\pic18-lt\cxx-framework\src\traditional\proc\p18f67j94.asm
               OSCCONbits   0x000fd3       data     extern E:\3.44\rc2\pic18-lt\cxx-framework\src\traditional\proc\p18f67j94.asm
                  OSCTUNE   0x000f9b       data     extern E:\3.44\rc2\pic18-lt\cxx-framework\src\traditional\proc\p18f67j94.asm
              OSCTUNEbits   0x000f9b       data     extern E:\3.44\rc2\pic18-lt\cxx-framework\src\traditional\proc\p18f67j94.asm
                  PADCFG1   0x000f54       data     extern E:\3.44\rc2\pic18-lt\cxx-framework\src\traditional\proc\p18f67j94.asm
              PADCFG1bits   0x000f54       data     extern E:\3.44\rc2\pic18-lt\cxx-framework\src\traditional\proc\p18f67j94.asm
                       PC   0x000ff9       data     extern E:\3.44\rc2\pic18-lt\cxx-framework\src\traditional\proc\p18f67j94.asm
                      PCL   0x000ff9       data     extern E:\3.44\rc2\pic18-lt\cxx-framework\src\traditional\proc\p18f67j94.asm
                   PCLATH   0x000ffa       data     extern E:\3.44\rc2\pic18-lt\cxx-framework\src\traditional\proc\p18f67j94.asm
                   PCLATU   0x000ffb       data     extern E:\3.44\rc2\pic18-lt\cxx-framework\src\traditional\proc\p18f67j94.asm
[...]
                 PIE2bits   0x000fa0       data     extern E:\3.44\rc2\pic18-lt\cxx-framework\src\traditional\proc\p18f67j94.asm
                     PIR2   0x000fa1       data     extern E:\3.44\rc2\pic18-lt\cxx-framework\src\traditional\proc\p18f67j94.asm
                 PIR2bits   0x000fa1       data     extern E:\3.44\rc2\pic18-lt\cxx-framework\src\traditional\proc\p18f67j94.asm
                 IPR2bits   0x000fa2       data     extern E:\3.44\rc2\pic18-lt\cxx-framework\src\traditional\proc\p18f67j94.asm
                     IPR2   0x000fa2       data     extern E:\3.44\rc2\pic18-lt\cxx-framework\src\traditional\proc\p18f67j94.asm
                 PIE3bits   0x000fa3       data     extern E:\3.44\rc2\pic18-lt\cxx-framework\src\traditional\proc\p18f67j94.asm
                     PIE3   0x000fa3       data     extern E:\3.44\rc2\pic18-lt\cxx-framework\src\traditional\proc\p18f67j94.asm
                 PIR3bits   0x000fa4       data     extern E:\3.44\rc2\pic18-lt\cxx-framework\src\traditional\proc\p18f67j94.asm
                     PIR3   0x000fa4       data     extern E:\3.44\rc2\pic18-lt\cxx-framework\src\traditional\proc\p18f67j94.asm
                     IPR3   0x000fa5       data     extern E:\3.44\rc2\pic18-lt\cxx-framework\src\traditional\proc\p18f67j94.asm
                 IPR3bits   0x000fa5       data     extern E:\3.44\rc2\pic18-lt\cxx-framework\src\traditional\proc\p18f67j94.asm
                     PIR6   0x000fa6       data     extern E:\3.44\rc2\pic18-lt\cxx-framework\src\traditional\proc\p18f67j94.asm
                 PIR6bits   0x000fa6       data     extern E:\3.44\rc2\pic18-lt\cxx-framework\src\traditional\proc\p18f67j94.asm
                   PSPCON   0x000fa7       data     extern E:\3.44\rc2\pic18-lt\cxx-framework\src\traditional\proc\p18f67j94.asm
               PSPCONbits   0x000fa7       data     extern E:\3.44\rc2\pic18-lt\cxx-framework\src\traditional\proc\p18f67j94.asm
                  HLVDCON   0x000fa8       data     extern E:\3.44\rc2\pic18-lt\cxx-framework\src\traditional\proc\p18f67j94.asm
              HLVDCONbits   0x000fa8       data     extern E:\3.44\rc2\pic18-lt\cxx-framework\src\traditional\proc\p18f67j94.asm
                     IPR6   0x000fa9       data     extern E:\3.44\rc2\pic18-lt\cxx-framework\src\traditional\proc\p18f67j94.asm
                 IPR6bits   0x000fa9       data     extern E:\3.44\rc2\pic18-lt\cxx-framework\src\traditional\proc\p18f67j94.asm
                   T1GCON   0x000faa       data     extern E:\3.44\rc2\pic18-lt\cxx-framework\src\traditional\proc\p18f67j94.asm
               T1GCONbits   0x000faa       data     extern E:\3.44\rc2\pic18-lt\cxx-framework\src\traditional\proc\p18f67j94.asm
                    RCSTA   0x000fab       data     extern E:\3.44\rc2\pic18-lt\cxx-framework\src\traditional\proc\p18f67j94.asm
                   RCSTA1   0x000fab       data     extern E:\3.44\rc2\pic18-lt\cxx-framework\src\traditional\proc\p18f67j94.asm
                RCSTAbits   0x000fab       data     extern E:\3.44\rc2\pic18-lt\cxx-framework\src\traditional\proc\p18f67j94.asm
               RCSTA1bits   0x000fab       data     extern E:\3.44\rc2\pic18-lt\cxx-framework\src\traditional\proc\p18f67j94.asm
                    TXSTA   0x000fac       data     extern E:\3.44\rc2\pic18-lt\cxx-framework\src\traditional\proc\p18f67j94.asm
                TXSTAbits   0x000fac       data     extern E:\3.44\rc2\pic18-lt\cxx-framework\src\traditional\proc\p18f67j94.asm
                   TXSTA1   0x000fac       data     extern E:\3.44\rc2\pic18-lt\cxx-framework\src\traditional\proc\p18f67j94.asm
               TXSTA1bits   0x000fac       data     extern E:\3.44\rc2\pic18-lt\cxx-framework\src\traditional\proc\p18f67j94.asm
                   TXREG1   0x000fad       data     extern E:\3.44\rc2\pic18-lt\cxx-framework\src\traditional\proc\p18f67j94.asm
                    TXREG   0x000fad       data     extern E:\3.44\rc2\pic18-lt\cxx-framework\src\traditional\proc\p18f67j94.asm
                    RCREG   0x000fae       data     extern E:\3.44\rc2\pic18-lt\cxx-framework\src\traditional\proc\p18f67j94.asm
                   RCREG1   0x000fae       data     extern E:\3.44\rc2\pic18-lt\cxx-framework\src\traditional\proc\p18f67j94.asm
                    SPBRG   0x000faf       data     extern E:\3.44\rc2\pic18-lt\cxx-framework\src\traditional\proc\p18f67j94.asm
                   SPBRG1   0x000faf       data     extern E:\3.44\rc2\pic18-lt\cxx-framework\src\traditional\proc\p18f67j94.asm
                SPBRGbits   0x000faf       data     extern E:\3.44\rc2\pic18-lt\cxx-framework\src\traditional\proc\p18f67j94.asm
               SPBRG1bits   0x000faf       data     extern E:\3.44\rc2\pic18-lt\cxx-framework\src\traditional\proc\p18f67j94.asm
               T3GCONbits   0x000fb0       data     extern E:\3.44\rc2\pic18-lt\cxx-framework\src\traditional\proc\p18f67j94.asm
                   T3GCON   0x000fb0       data     extern E:\3.44\rc2\pic18-lt\cxx-framework\src\traditional\proc\p18f67j94.asm
                T3CONbits   0x000fb1       data     extern E:\3.44\rc2\pic18-lt\cxx-framework\src\traditional\proc\p18f67j94.asm
                    T3CON   0x000fb1       data     extern E:\3.44\rc2\pic18-lt\cxx-framework\src\traditional\proc\p18f67j94.asm
                    TMR3L   0x000fb2       data     extern E:\3.44\rc2\pic18-lt\cxx-framework\src\traditional\proc\p18f67j94.asm
                    TMR3H   0x000fb3       data     extern E:\3.44\rc2\pic18-lt\cxx-framework\src\traditional\proc\p18f67j94.asm
                 PIE4bits   0x000fb4       data     extern E:\3.44\rc2\pic18-lt\cxx-framework\src\traditional\proc\p18f67j94.asm
                     PIE4   0x000fb4       data     extern E:\3.44\rc2\pic18-lt\cxx-framework\src\traditional\proc\p18f67j94.asm
                     PIR4   0x000fb5       data     extern E:\3.44\rc2\pic18-lt\cxx-framework\src\traditional\proc\p18f67j94.asm
                 PIR4bits   0x000fb5       data     extern E:\3.44\rc2\pic18-lt\cxx-framework\src\traditional\proc\p18f67j94.asm
                 IPR4bits   0x000fb6       data     extern E:\3.44\rc2\pic18-lt\cxx-framework\src\traditional\proc\p18f67j94.asm
                     IPR4   0x000fb6       data     extern E:\3.44\rc2\pic18-lt\cxx-framework\src\traditional\proc\p18f67j94.asm
                 PIE5bits   0x000fb7       data     extern E:\3.44\rc2\pic18-lt\cxx-framework\src\traditional\proc\p18f67j94.asm
                     PIE5   0x000fb7       data     extern E:\3.44\rc2\pic18-lt\cxx-framework\src\traditional\proc\p18f67j94.asm
                 PIR5bits   0x000fb8       data     extern E:\3.44\rc2\pic18-lt\cxx-framework\src\traditional\proc\p18f67j94.asm
                     PIR5   0x000fb8       data     extern E:\3.44\rc2\pic18-lt\cxx-framework\src\traditional\proc\p18f67j94.asm
              CCP1CONbits   0x000fb9       data     extern E:\3.44\rc2\pic18-lt\cxx-framework\src\traditional\proc\p18f67j94.asm
                  CCP1CON   0x000fb9       data     extern E:\3.44\rc2\pic18-lt\cxx-framework\src\traditional\proc\p18f67j94.asm
                   CCPR1L   0x000fba       data     extern E:\3.44\rc2\pic18-lt\cxx-framework\src\traditional\proc\p18f67j94.asm
                    CCPR1   0x000fba       data     extern E:\3.44\rc2\pic18-lt\cxx-framework\src\traditional\proc\p18f67j94.asm
                   CCPR1H   0x000fbb       data     extern E:\3.44\rc2\pic18-lt\cxx-framework\src\traditional\proc\p18f67j94.asm
             ECCP1DELbits   0x000fbc       data     extern E:\3.44\rc2\pic18-lt\cxx-framework\src\traditional\proc\p18f67j94.asm
                 ECCP1DEL   0x000fbc       data     extern E:\3.44\rc2\pic18-lt\cxx-framework\src\traditional\proc\p18f67j94.asm
              ECCP1ASbits   0x000fbd       data     extern E:\3.44\rc2\pic18-lt\cxx-framework\src\traditional\proc\p18f67j94.asm
                  ECCP1AS   0x000fbd       data     extern E:\3.44\rc2\pic18-lt\cxx-framework\src\traditional\proc\p18f67j94.asm
                  CVRCONL   0x000fbe       data     extern E:\3.44\rc2\pic18-lt\cxx-framework\src\traditional\proc\p18f67j94.asm
              CVRCONLbits   0x000fbe       data     extern E:\3.44\rc2\pic18-lt\cxx-framework\src\traditional\proc\p18f67j94.asm
              CVRCONHbits   0x000fbf       data     extern E:\3.44\rc2\pic18-lt\cxx-framework\src\traditional\proc\p18f67j94.asm
                  CVRCONH   0x000fbf       data     extern E:\3.44\rc2\pic18-lt\cxx-framework\src\traditional\proc\p18f67j94.asm
                  ADCON1L   0x000fc0       data     extern E:\3.44\rc2\pic18-lt\cxx-framework\src\traditional\proc\p18f67j94.asm
              ADCON1Lbits   0x000fc0       data     extern E:\3.44\rc2\pic18-lt\cxx-framework\src\traditional\proc\p18f67j94.asm
              ADCON1Hbits   0x000fc1       data     extern E:\3.44\rc2\pic18-lt\cxx-framework\src\traditional\proc\p18f67j94.asm
                  ADCON1H   0x000fc1       data     extern E:\3.44\rc2\pic18-lt\cxx-framework\src\traditional\proc\p18f67j94.asm
                 ADCBUF0L   0x000fc2       data     extern E:\3.44\rc2\pic18-lt\cxx-framework\src\traditional\proc\p18f67j94.asm
                  ADCBUF0   0x000fc2       data     extern E:\3.44\rc2\pic18-lt\cxx-framework\src\traditional\proc\p18f67j94.asm
                 ADCBUF0H   0x000fc3       data     extern E:\3.44\rc2\pic18-lt\cxx-framework\src\traditional\proc\p18f67j94.asm
               CMSTATbits   0x000fc4       data     extern E:\3.44\rc2\pic18-lt\cxx-framework\src\traditional\proc\p18f67j94.asm
                   CMSTAT   0x000fc4       data     extern E:\3.44\rc2\pic18-lt\cxx-framework\src\traditional\proc\p18f67j94.asm
             SSP1CON2bits   0x000fc5       data     extern E:\3.44\rc2\pic18-lt\cxx-framework\src\traditional\proc\p18f67j94.asm
                 SSP1CON2   0x000fc5       data     extern E:\3.44\rc2\pic18-lt\cxx-framework\src\traditional\proc\p18f67j94.asm
             SSP1CON1bits   0x000fc6       data     extern E:\3.44\rc2\pic18-lt\cxx-framework\src\traditional\proc\p18f67j94.asm
                 SSP1CON1   0x000fc6       data     extern E:\3.44\rc2\pic18-lt\cxx-framework\src\traditional\proc\p18f67j94.asm
                 SSP1STAT   0x000fc7       data     extern E:\3.44\rc2\pic18-lt\cxx-framework\src\traditional\proc\p18f67j94.asm
             SSP1STATbits   0x000fc7       data     extern E:\3.44\rc2\pic18-lt\cxx-framework\src\traditional\proc\p18f67j94.asm
                  SSP1ADD   0x000fc8       data     extern E:\3.44\rc2\pic18-lt\cxx-framework\src\traditional\proc\p18f67j94.asm
                  SSP1BUF   0x000fc9       data     extern E:\3.44\rc2\pic18-lt\cxx-framework\src\traditional\proc\p18f67j94.asm
                    T2CON   0x000fca       data     extern E:\3.44\rc2\pic18-lt\cxx-framework\src\traditional\proc\p18f67j94.asm
                T2CONbits   0x000fca       data     extern E:\3.44\rc2\pic18-lt\cxx-framework\src\traditional\proc\p18f67j94.asm
                      PR2   0x000fcb       data     extern E:\3.44\rc2\pic18-lt\cxx-framework\src\traditional\proc\p18f67j94.asm
                     TMR2   0x000fcc       data     extern E:\3.44\rc2\pic18-lt\cxx-framework\src\traditional\proc\p18f67j94.asm
                    T1CON   0x000fcd       data     extern E:\3.44\rc2\pic18-lt\cxx-framework\src\traditional\proc\p18f67j94.asm
                T1CONbits   0x000fcd       data     extern E:\3.44\rc2\pic18-lt\cxx-framework\src\traditional\proc\p18f67j94.asm
                    TMR1L   0x000fce       data     extern E:\3.44\rc2\pic18-lt\cxx-framework\src\traditional\proc\p18f67j94.asm
                    TMR1H   0x000fcf       data     extern E:\3.44\rc2\pic18-lt\cxx-framework\src\traditional\proc\p18f67j94.asm
                     RCON   0x000fd0       data     extern E:\3.44\rc2\pic18-lt\cxx-framework\src\traditional\proc\p18f67j94.asm
                 RCONbits   0x000fd0       data     extern E:\3.44\rc2\pic18-lt\cxx-framework\src\traditional\proc\p18f67j94.asm
                     IOCF   0x000fd1       data     extern E:\3.44\rc2\pic18-lt\cxx-framework\src\traditional\proc\p18f67j94.asm
                 IOCFbits   0x000fd1       data     extern E:\3.44\rc2\pic18-lt\cxx-framework\src\traditional\proc\p18f67j94.asm
                 IPR5bits   0x000fd2       data     extern E:\3.44\rc2\pic18-lt\cxx-framework\src\traditional\proc\p18f67j94.asm
                     IPR5   0x000fd2       data     extern E:\3.44\rc2\pic18-lt\cxx-framework\src\traditional\proc\p18f67j94.asm
                   OSCCON   0x000fd3       data     extern E:\3.44\rc2\pic18-lt\cxx-framework\src\traditional\proc\p18f67j94.asm
               OSCCONbits   0x000fd3       data     extern E:\3.44\rc2\pic18-lt\cxx-framework\src\traditional\proc\p18f67j94.asm
                    T0CON   0x000fd5       data     extern E:\3.44\rc2\pic18-lt\cxx-framework\src\traditional\proc\p18f67j94.asm
                T0CONbits   0x000fd5       data     extern E:\3.44\rc2\pic18-lt\cxx-framework\src\traditional\proc\p18f67j94.asm
                    TMR0L   0x000fd6       data     extern E:\3.44\rc2\pic18-lt\cxx-framework\src\traditional\proc\p18f67j94.asm
                    TMR0H   0x000fd7       data     extern E:\3.44\rc2\pic18-lt\cxx-framework\src\traditional\proc\p18f67j94.asm
               STATUSbits   0x000fd8       data     extern E:\3.44\rc2\pic18-lt\cxx-framework\src\traditional\proc\p18f67j94.asm
                   STATUS   0x000fd8       data     extern E:\3.44\rc2\pic18-lt\cxx-framework\src\traditional\proc\p18f67j94.asm
                    FSR2L   0x000fd9       data     extern E:\3.44\rc2\pic18-lt\cxx-framework\src\traditional\proc\p18f67j94.asm
                     FSR2   0x000fd9       data     extern E:\3.44\rc2\pic18-lt\cxx-framework\src\traditional\proc\p18f67j94.asm
                    FSR2H   0x000fda       data     extern E:\3.44\rc2\pic18-lt\cxx-framework\src\traditional\proc\p18f67j94.asm
                   PLUSW2   0x000fdb       data     extern E:\3.44\rc2\pic18-lt\cxx-framework\src\traditional\proc\p18f67j94.asm
                  PREINC2   0x000fdc       data     extern E:\3.44\rc2\pic18-lt\cxx-framework\src\traditional\proc\p18f67j94.asm
                 POSTDEC2   0x000fdd       data     extern E:\3.44\rc2\pic18-lt\cxx-framework\src\traditional\proc\p18f67j94.asm
                 POSTINC2   0x000fde       data     extern E:\3.44\rc2\pic18-lt\cxx-framework\src\traditional\proc\p18f67j94.asm
                    INDF2   0x000fdf       data     extern E:\3.44\rc2\pic18-lt\cxx-framework\src\traditional\proc\p18f67j94.asm
                      BSR   0x000fe0       data     extern E:\3.44\rc2\pic18-lt\cxx-framework\src\traditional\proc\p18f67j94.asm
                     FSR1   0x000fe1       data     extern E:\3.44\rc2\pic18-lt\cxx-framework\src\traditional\proc\p18f67j94.asm
                    FSR1L   0x000fe1       data     extern E:\3.44\rc2\pic18-lt\cxx-framework\src\traditional\proc\p18f67j94.asm
                    FSR1H   0x000fe2       data     extern E:\3.44\rc2\pic18-lt\cxx-framework\src\traditional\proc\p18f67j94.asm
                   PLUSW1   0x000fe3       data     extern E:\3.44\rc2\pic18-lt\cxx-framework\src\traditional\proc\p18f67j94.asm
                  PREINC1   0x000fe4       data     extern E:\3.44\rc2\pic18-lt\cxx-framework\src\traditional\proc\p18f67j94.asm
                 POSTDEC1   0x000fe5       data     extern E:\3.44\rc2\pic18-lt\cxx-framework\src\traditional\proc\p18f67j94.asm
                 POSTINC1   0x000fe6       data     extern E:\3.44\rc2\pic18-lt\cxx-framework\src\traditional\proc\p18f67j94.asm
                    INDF1   0x000fe7       data     extern E:\3.44\rc2\pic18-lt\cxx-framework\src\traditional\proc\p18f67j94.asm
                     WREG   0x000fe8       data     extern E:\3.44\rc2\pic18-lt\cxx-framework\src\traditional\proc\p18f67j94.asm
                    FSR0L   0x000fe9       data     extern E:\3.44\rc2\pic18-lt\cxx-framework\src\traditional\proc\p18f67j94.asm
                     FSR0   0x000fe9       data     extern E:\3.44\rc2\pic18-lt\cxx-framework\src\traditional\proc\p18f67j94.asm
                    FSR0H   0x000fea       data     extern E:\3.44\rc2\pic18-lt\cxx-framework\src\traditional\proc\p18f67j94.asm
                   PLUSW0   0x000feb       data     extern E:\3.44\rc2\pic18-lt\cxx-framework\src\traditional\proc\p18f67j94.asm
                  PREINC0   0x000fec       data     extern E:\3.44\rc2\pic18-lt\cxx-framework\src\traditional\proc\p18f67j94.asm
                 POSTDEC0   0x000fed       data     extern E:\3.44\rc2\pic18-lt\cxx-framework\src\traditional\proc\p18f67j94.asm
                 POSTINC0   0x000fee       data     extern E:\3.44\rc2\pic18-lt\cxx-framework\src\traditional\proc\p18f67j94.asm
                    INDF0   0x000fef       data     extern E:\3.44\rc2\pic18-lt\cxx-framework\src\traditional\proc\p18f67j94.asm
              INTCON3bits   0x000ff0       data     extern E:\3.44\rc2\pic18-lt\cxx-framework\src\traditional\proc\p18f67j94.asm
                  INTCON3   0x000ff0       data     extern E:\3.44\rc2\pic18-lt\cxx-framework\src\traditional\proc\p18f67j94.asm
              INTCON2bits   0x000ff1       data     extern E:\3.44\rc2\pic18-lt\cxx-framework\src\traditional\proc\p18f67j94.asm
                  INTCON2   0x000ff1       data     extern E:\3.44\rc2\pic18-lt\cxx-framework\src\traditional\proc\p18f67j94.asm
               INTCONbits   0x000ff2       data     extern E:\3.44\rc2\pic18-lt\cxx-framework\src\traditional\proc\p18f67j94.asm
                   INTCON   0x000ff2       data     extern E:\3.44\rc2\pic18-lt\cxx-framework\src\traditional\proc\p18f67j94.asm
                    PRODL   0x000ff3       data     extern E:\3.44\rc2\pic18-lt\cxx-framework\src\traditional\proc\p18f67j94.asm
                     PROD   0x000ff3       data     extern E:\3.44\rc2\pic18-lt\cxx-framework\src\traditional\proc\p18f67j94.asm
                    PRODH   0x000ff4       data     extern E:\3.44\rc2\pic18-lt\cxx-framework\src\traditional\proc\p18f67j94.asm
                   TABLAT   0x000ff5       data     extern E:\3.44\rc2\pic18-lt\cxx-framework\src\traditional\proc\p18f67j94.asm
                  TBLPTRL   0x000ff6       data     extern E:\3.44\rc2\pic18-lt\cxx-framework\src\traditional\proc\p18f67j94.asm
                   TBLPTR   0x000ff6       data     extern E:\3.44\rc2\pic18-lt\cxx-framework\src\traditional\proc\p18f67j94.asm
                  TBLPTRH   0x000ff7       data     extern E:\3.44\rc2\pic18-lt\cxx-framework\src\traditional\proc\p18f67j94.asm
                  TBLPTRU   0x000ff8       data     extern E:\3.44\rc2\pic18-lt\cxx-framework\src\traditional\proc\p18f67j94.asm
                      PCL   0x000ff9       data     extern E:\3.44\rc2\pic18-lt\cxx-framework\src\traditional\proc\p18f67j94.asm
                       PC   0x000ff9       data     extern E:\3.44\rc2\pic18-lt\cxx-framework\src\traditional\proc\p18f67j94.asm
                   PCLATH   0x000ffa       data     extern E:\3.44\rc2\pic18-lt\cxx-framework\src\traditional\proc\p18f67j94.asm
                   PCLATU   0x000ffb       data     extern E:\3.44\rc2\pic18-lt\cxx-framework\src\traditional\proc\p18f67j94.asm
               STKPTRbits   0x000ffc       data     extern E:\3.44\rc2\pic18-lt\cxx-framework\src\traditional\proc\p18f67j94.asm
                   STKPTR   0x000ffc       data     extern E:\3.44\rc2\pic18-lt\cxx-framework\src\traditional\proc\p18f67j94.asm
                      TOS   0x000ffd       data     extern E:\3.44\rc2\pic18-lt\cxx-framework\src\traditional\proc\p18f67j94.asm
                     TOSL   0x000ffd       data     extern E:\3.44\rc2\pic18-lt\cxx-framework\src\traditional\proc\p18f67j94.asm
                     TOSH   0x000ffe       data     extern E:\3.44\rc2\pic18-lt\cxx-framework\src\traditional\proc\p18f67j94.asm
                     TOSU   0x000fff       data     extern E:\3.44\rc2\pic18-lt\cxx-framework\src\traditional\proc\p18f67j94.asm


